Archive member included to satisfy reference by file (symbol)

include_lib/liba/br25/cpu.a(crc16.o)
                              obj\Release\cpu\br25\setup.o (symbol from plugin) (__crc16_mutex_init)
include_lib/liba/br25/cpu.a(uart.o)
                              obj\Release\apps\common\device\fm\fm_manage.o (symbol from plugin) (delay)
include_lib/liba/br25/cpu.a(usb.o)
                              obj\Release\apps\common\usb\host\usb_host.o (symbol from plugin) (usb_sie_enable)
include_lib/liba/br25/cpu.a(clock.o)
                              obj\Release\cpu\br25\setup.o (symbol from plugin) (clock_dump)
include_lib/liba/br25/cpu.a(gpio.o)
                              obj\Release\apps\soundbox\board\br25\board_ac6966b\board_ac6966b.o (symbol from plugin) (usb_iomode)
include_lib/liba/br25/cpu.a(timer.o)
                              obj\Release\apps\soundbox\board\br25\user_fun\user_pa.o (symbol from plugin) (delay_2ms)
include_lib/liba/br25/cpu.a(sd.o)
                              obj\Release\apps\soundbox\board\br25\board_ac6966b\board_ac6966b.o (symbol from plugin) (sdmmc_0_port_init)
include_lib/liba/br25/cpu.a(debug.o)
                              obj\Release\cpu\br25\setup.o (symbol from plugin) (debug_init)
include_lib/liba/br25/cpu.a(wdt.o)
                              obj\Release\apps\soundbox\common\init.o (symbol from plugin) (wdt_close)
include_lib/liba/br25/cpu.a(efuse.o)
                              obj\Release\cpu\br25\charge.o (symbol from plugin) (get_vbat_trim)
include_lib/liba/br25/cpu.a(vm.o)
                              obj\Release\cpu\br25\ui_driver\led7\led7_driver.o (symbol from plugin) (get_vm_statu)
include_lib/liba/br25/cpu.a(vm_api.o)
                              obj\Release\apps\common\music\breakpoint.o (symbol from plugin) (vm_api_write_mult)
include_lib/liba/br25/cpu.a(p33.o)
                              obj\Release\apps\soundbox\board\br25\board_ac6966b\board_ac6966b.o (symbol from plugin) (sdpg_config)
include_lib/liba/br25/cpu.a(power_hw.o)
                              timer.o (symbol from plugin) (low_power_sys_get)
include_lib/liba/br25/cpu.a(power_wakeup.o)
                              power_hw.o (symbol from plugin) (__hw_wakeup_port_init)
include_lib/liba/br25/cpu.a(rtc.o)
                              power_wakeup.o (symbol from plugin) (rtc_wakup_source)
include_lib/liba/br25/cpu.a(pmu_calibrate.o)
                              obj\Release\cpu\br25\adc_api.o (symbol from plugin) (check_pmu_voltage)
include_lib/liba/br25/cpu.a(fm_inside_api.o)
                              obj\Release\apps\common\device\fm\fm_inside\fm_inside.o (symbol from plugin) (fm_inside_mem_init)
include_lib/liba/br25/cpu.a(fm_digital_set.o)
                              fm_inside_api.o (symbol from plugin) (fm_set_mono)
include_lib/liba/br25/cpu.a(fm_init.o)
                              fm_inside_api.o (symbol from plugin) (fm_mem_init)
include_lib/liba/br25/cpu.a(fm_rf.o)
                              fm_init.o (symbol from plugin) (fm_rf_init)
include_lib/liba/br25/cpu.a(fm_scan.o)
                              fm_init.o (symbol from plugin) (fm_agc)
include_lib/liba/br25/cpu.a(fm_global_dat.o)
                              fm_digital_set.o (symbol from plugin) (cs_table_H75_NOISE_L75)
include_lib/liba/br25/cpu.a(sdx_dev.o)
                              obj\Release\apps\soundbox\board\br25\user_fun\user_dev_check.o (symbol from plugin) (sd_io_suspend)
include_lib/liba/br25/cpu.a(sdx_driver.o)
                              sdx_dev.o (symbol from plugin) (sdx_init_card)
include_lib/liba/br25/cpu.a(sdx_source.o)
                              sdx_driver.o (symbol from plugin) (sdx_get_hi_jiffies)
include_lib/liba/br25/cpu.a(otg.o)
                              obj\Release\apps\soundbox\task_manager\idle\idle.o (symbol from plugin) (usb_otg_online)
include_lib/liba/br25/cpu.a(usb_phy.o)
                              obj\Release\apps\common\usb\host\usb_ctrl_transfer.o (symbol from plugin) (get_jiffies)
include_lib/liba/br25/cpu.a(startup.o)
                              (_start)
include_lib/liba/br25/cpu.a(fm_dem.o)
                              fm_init.o (symbol from plugin) (fm_dem)
include_lib/liba/br25/cpu.a(lp_timer_hw.o)
                              power_hw.o (symbol from plugin) (__hw_nv_timer0_dump)
include_lib/liba/br25/cpu.a(lrc_hw.o)
                              power_hw.o (symbol from plugin) (__get_lrc_hz)
include_lib/liba/br25/cpu.a(misc_hw.o)
                              power_hw.o (symbol from plugin) (watchdog_close)
include_lib/liba/br25/btstack.a(tws_host.o)
                              obj\Release\apps\soundbox\task_manager\bt\bt_switch_fun.o (symbol from plugin) (tws_profile_init)
include_lib/liba/br25/btstack.a(btstack_task.o)
                              obj\Release\apps\soundbox\task_manager\bt\bt_switch_fun.o (symbol from plugin) (btstack_init)
include_lib/liba/br25/btstack.a(hci_vendor.o)
[...]
Memory Configuration

Name             Origin             Length             Attributes
code0            0x01e00120         0x00100000         xr
ram0             0x00010000         0x00021ae0         xrw
res_ram          0x01ffffff         0x00800001         xrw
*default*        0x00000000         0xffffffff

Linker script and memory map

LOAD obj\Release\apps\common\audio\audio_digital_vol.o
LOAD cpu\br25\tools\sdk.elf.o
LOAD obj\Release\apps\common\audio\decode\decode.o
LOAD obj\Release\apps\common\audio\encode\encode_write_file.o
LOAD obj\Release\apps\common\audio\sine_make.o
LOAD obj\Release\apps\common\audio\uartPcmSender.o
LOAD obj\Release\apps\common\bt_common\bt_test_api.o
LOAD obj\Release\apps\common\charge_box\chargeIc_manage.o
LOAD obj\Release\apps\common\charge_box\chgbox_box.o
LOAD obj\Release\apps\common\charge_box\chgbox_ctrl.o
LOAD obj\Release\apps\common\charge_box\chgbox_det.o
LOAD obj\Release\apps\common\charge_box\chgbox_handshake.o
LOAD obj\Release\apps\common\charge_box\chgbox_ui.o
LOAD obj\Release\apps\common\charge_box\chgbox_wireless.o
LOAD obj\Release\apps\common\charge_box\ic_self.o
LOAD obj\Release\apps\common\config\app_config.o
LOAD obj\Release\apps\common\config\bt_profile_config.o
LOAD obj\Release\apps\common\config\ci_transport_uart.o
LOAD obj\Release\apps\common\debug\debug.o
LOAD obj\Release\apps\common\debug\debug_lite.o
LOAD obj\Release\apps\common\dev_manager\dev_manager.o
LOAD obj\Release\apps\common\dev_manager\dev_reg.o
LOAD obj\Release\apps\common\dev_manager\dev_update.o
LOAD obj\Release\apps\common\device\detection.o
LOAD obj\Release\apps\common\device\fm\bk1080\Bk1080.o
LOAD obj\Release\apps\common\device\fm\fm_inside\fm_inside.o
LOAD obj\Release\apps\common\device\fm\fm_manage.o
LOAD obj\Release\apps\common\device\fm\qn8035\QN8035.o
LOAD obj\Release\apps\common\device\fm\rda5807\RDA5807.o
LOAD obj\Release\apps\common\device\fm_emitter\ac3433\ac3433.o
LOAD obj\Release\apps\common\device\fm_emitter\fm_emitter_manage.o
LOAD obj\Release\apps\common\device\fm_emitter\fm_inside\fm_emitter_inside.o
LOAD obj\Release\apps\common\device\fm_emitter\qn8007\qn8007.o
LOAD obj\Release\apps\common\device\fm_emitter\qn8027\qn8027.o
LOAD obj\Release\apps\common\device\gSensor\da230.o
LOAD obj\Release\apps\common\device\gSensor\gSensor_manage.o
LOAD obj\Release\apps\common\device\gSensor\SC7A20.o
LOAD obj\Release\apps\common\device\norflash\norflash.o
LOAD obj\Release\apps\common\file_operate\file_api.o
LOAD obj\Release\apps\common\file_operate\file_bs_deal.o
LOAD obj\Release\apps\common\file_operate\file_manager.o
LOAD obj\Release\apps\common\key\adkey.o
LOAD obj\Release\apps\common\key\adkey_rtcvdd.o
LOAD obj\Release\apps\common\key\ctmu_touch_key.o
LOAD obj\Release\apps\common\key\iokey.o
LOAD obj\Release\apps\common\key\irkey.o
LOAD obj\Release\apps\common\key\key_driver.o
LOAD obj\Release\apps\common\key\rdec_key.o
LOAD obj\Release\apps\common\key\slidekey.o
LOAD obj\Release\apps\common\key\touch_key.o
LOAD obj\Release\apps\common\music\breakpoint.o
LOAD obj\Release\apps\common\music\music_decrypt.o
LOAD obj\Release\apps\common\music\music_id3.o
LOAD obj\Release\apps\common\music\music_player.o
LOAD obj\Release\apps\common\third_party_profile\ancs_client_demo\le_ancs_client.o
LOAD obj\Release\apps\common\third_party_profile\common\3th_profile_api.o
LOAD obj\Release\apps\common\third_party_profile\common\custom_cfg.o
LOAD obj\Release\apps\common\third_party_profile\jieli\hid_user.o
LOAD obj\Release\apps\common\third_party_profile\jieli\JL_rcsp\adv_app_setting\adv_bt_name_setting.o
LOAD obj\Release\apps\common\third_party_profile\jieli\JL_rcsp\adv_app_setting\adv_key_setting.o
LOAD obj\Release\apps\common\third_party_profile\jieli\JL_rcsp\adv_app_setting\adv_led_setting.o
LOAD obj\Release\apps\common\third_party_profile\jieli\JL_rcsp\adv_app_setting\adv_mic_setting.o
LOAD obj\Release\apps\common\third_party_profile\jieli\JL_rcsp\adv_app_setting\adv_time_stamp_setting.o
LOAD obj\Release\apps\common\third_party_profile\jieli\JL_rcsp\adv_app_setting\adv_work_setting.o
LOAD obj\Release\apps\common\third_party_profile\jieli\JL_rcsp\adv_rcsp_protocol\rcsp_adv_opt.o
LOAD obj\Release\apps\common\third_party_profile\jieli\JL_rcsp\adv_rcsp_protocol\rcsp_adv_tws_sync.o
LOAD obj\Release\apps\common\third_party_profile\jieli\JL_rcsp\rcsp_updata\rcsp_adv_user_update.o
LOAD obj\Release\apps\common\third_party_profile\jieli\le_client_demo.o
LOAD obj\Release\apps\common\third_party_profile\jieli\trans_data_demo\le_trans_data.o
LOAD obj\Release\apps\common\third_party_profile\jieli\trans_data_demo\spp_trans_data.o
LOAD obj\Release\apps\common\ui\lcd\lcd_ui_api.o
LOAD obj\Release\apps\common\ui\led7\led7_ui_api.o
LOAD obj\Release\apps\common\update\norflash_update.o
LOAD obj\Release\apps\common\update\uart_update.o
LOAD obj\Release\apps\common\update\uart_update_master.o
LOAD obj\Release\apps\common\update\update.o
LOAD obj\Release\apps\common\usb\device\descriptor.o
LOAD obj\Release\apps\common\usb\device\hid.o
LOAD obj\Release\apps\common\usb\device\msd.o
LOAD obj\Release\apps\common\usb\device\msd_upgrade.o
LOAD obj\Release\apps\common\usb\device\task_pc.o
LOAD obj\Release\apps\common\usb\device\uac1.o
LOAD obj\Release\apps\common\usb\device\uac_stream.o
LOAD obj\Release\apps\common\usb\device\usb_device.o
LOAD obj\Release\apps\common\usb\device\user_setup.o
LOAD obj\Release\apps\common\usb\host\usb_bulk_transfer.o
LOAD obj\Release\apps\common\usb\host\usb_ctrl_transfer.o
LOAD obj\Release\apps\common\usb\host\usb_host.o
LOAD obj\Release\apps\common\usb\host\usb_storage.o
LOAD obj\Release\apps\common\usb\usb_config.o
LOAD obj\Release\apps\common\usb\usb_host_config.o
LOAD obj\Release\apps\soundbox\aec\br25\audio_aec.o
LOAD obj\Release\apps\soundbox\app_main.o
LOAD obj\Release\apps\soundbox\board\br25\board_ac6082_demo\board_ac6082_demo.o
LOAD obj\Release\apps\soundbox\board\br25\board_ac6082_demo\key_table\adkey_table.o
LOAD obj\Release\apps\soundbox\board\br25\board_ac6082_demo\key_table\iokey_table.o
LOAD obj\Release\apps\soundbox\board\br25\board_ac6082_demo\key_table\irkey_table.o
LOAD obj\Release\apps\soundbox\board\br25\board_ac6082_demo\key_table\rdec_key_table.o
LOAD obj\Release\apps\soundbox\board\br25\board_ac6082_demo\key_table\touch_key_table.o
LOAD obj\Release\apps\soundbox\board\br25\board_ac6965e\board_ac6965e.o
LOAD obj\Release\apps\soundbox\board\br25\board_ac6965e\key_table\adkey_table.o
LOAD obj\Release\apps\soundbox\board\br25\board_ac6965e\key_table\iokey_table.o
LOAD obj\Release\apps\soundbox\board\br25\board_ac6965e\key_table\irkey_table.o
LOAD obj\Release\apps\soundbox\board\br25\board_ac6965e\key_table\rdec_key_table.o
LOAD obj\Release\apps\soundbox\board\br25\board_ac6965e\key_table\touch_key_table.o
LOAD obj\Release\apps\soundbox\board\br25\board_ac6966b\board_ac6966b.o
LOAD obj\Release\apps\soundbox\board\br25\board_ac6966b\key_table\adkey_table.o
LOAD obj\Release\apps\soundbox\board\br25\board_ac6966b\key_table\iokey_table.o
LOAD obj\Release\apps\soundbox\board\br25\board_ac6966b\key_table\irkey_table.o
LOAD obj\Release\apps\soundbox\board\br25\board_ac6966b\key_table\rdec_key_table.o
LOAD obj\Release\apps\soundbox\board\br25\board_ac6966b\key_table\touch_key_table.o
LOAD obj\Release\apps\soundbox\board\br25\board_ac6969d_demo\board_ac6969d_demo.o
LOAD obj\Release\apps\soundbox\board\br25\board_ac6969d_demo\key_table\adkey_table.o
LOAD obj\Release\apps\soundbox\board\br25\board_ac6969d_demo\key_table\iokey_table.o
LOAD obj\Release\apps\soundbox\board\br25\board_ac6969d_demo\key_table\irkey_table.o
LOAD obj\Release\apps\soundbox\board\br25\board_ac6969d_demo\key_table\rdec_key_table.o
LOAD obj\Release\apps\soundbox\board\br25\board_ac6969d_demo\key_table\touch_key_table.o
LOAD obj\Release\apps\soundbox\board\br25\board_ac696x_demo\board_ac696x_demo.o
LOAD obj\Release\apps\soundbox\board\br25\board_ac696x_demo\key_table\adkey_table.o
LOAD obj\Release\apps\soundbox\board\br25\board_ac696x_demo\key_table\iokey_table.o
LOAD obj\Release\apps\soundbox\board\br25\board_ac696x_demo\key_table\irkey_table.o
LOAD obj\Release\apps\soundbox\board\br25\board_ac696x_demo\key_table\rdec_key_table.o
LOAD obj\Release\apps\soundbox\board\br25\board_ac696x_demo\key_table\touch_key_table.o
LOAD obj\Release\apps\soundbox\board\br25\board_ac696x_lighter\board_ac696x_lighter.o
LOAD obj\Release\apps\soundbox\board\br25\board_ac696x_lighter\key_table\adkey_table.o
LOAD obj\Release\apps\soundbox\board\br25\board_ac696x_lighter\key_table\iokey_table.o
LOAD obj\Release\apps\soundbox\board\br25\board_ac696x_lighter\key_table\irkey_table.o
LOAD obj\Release\apps\soundbox\board\br25\board_ac696x_lighter\key_table\rdec_key_table.o
LOAD obj\Release\apps\soundbox\board\br25\board_ac696x_lighter\key_table\touch_key_table.o
LOAD obj\Release\apps\soundbox\board\br25\board_ac696x_smartbox\board_ac696x_smartbox.o
LOAD obj\Release\apps\soundbox\board\br25\board_ac696x_smartbox\key_table\adkey_table.o
LOAD obj\Release\apps\soundbox\board\br25\board_ac696x_smartbox\key_table\iokey_table.o
LOAD obj\Release\apps\soundbox\board\br25\board_ac696x_smartbox\key_table\irkey_table.o
LOAD obj\Release\apps\soundbox\board\br25\board_ac696x_smartbox\key_table\rdec_key_table.o
LOAD obj\Release\apps\soundbox\board\br25\board_ac696x_smartbox\key_table\touch_key_table.o
LOAD obj\Release\apps\soundbox\board\br25\board_ac696x_tws\board_ac696x_tws.o
LOAD obj\Release\apps\soundbox\board\br25\board_ac696x_tws\key_table\adkey_table.o
LOAD obj\Release\apps\soundbox\board\br25\board_ac696x_tws\key_table\iokey_table.o
LOAD obj\Release\apps\soundbox\board\br25\board_ac696x_tws\key_table\irkey_table.o
LOAD obj\Release\apps\soundbox\board\br25\board_ac696x_tws\key_table\rdec_key_table.o
LOAD obj\Release\apps\soundbox\board\br25\board_ac696x_tws\key_table\touch_key_table.o
LOAD obj\Release\apps\soundbox\board\br25\board_ac696x_tws_box\board_ac696x_tws_box.o
LOAD obj\Release\apps\soundbox\board\br25\board_ac696x_tws_box\key_table\adkey_table.o
LOAD obj\Release\apps\soundbox\board\br25\board_ac696x_tws_box\key_table\iokey_table.o
LOAD obj\Release\apps\soundbox\board\br25\board_ac696x_tws_box\key_table\irkey_table.o
LOAD obj\Release\apps\soundbox\board\br25\board_ac696x_tws_box\key_table\rdec_key_table.o
LOAD obj\Release\apps\soundbox\board\br25\board_ac696x_tws_box\key_table\touch_key_table.o
LOAD obj\Release\apps\soundbox\board\br25\user_fun\user_ad.o
LOAD obj\Release\apps\soundbox\board\br25\user_fun\user_dev_check.o
LOAD obj\Release\apps\soundbox\board\br25\user_fun\user_fun.o
LOAD obj\Release\apps\soundbox\board\br25\user_fun\user_led.o
LOAD obj\Release\apps\soundbox\board\br25\user_fun\user_mic.o
LOAD obj\Release\apps\soundbox\board\br25\user_fun\user_pa.o
LOAD obj\Release\apps\soundbox\board\br25\user_fun\user_rgb.o
LOAD obj\Release\apps\soundbox\board\br25\user_fun\user_rgb_dev.o
LOAD obj\Release\apps\soundbox\common\dev_status.o
LOAD obj\Release\apps\soundbox\common\init.o
LOAD obj\Release\apps\soundbox\common\task_table.o
LOAD obj\Release\apps\soundbox\common\tone_table.o
LOAD obj\Release\apps\soundbox\common\user_cfg.o
LOAD obj\Release\apps\soundbox\font\fontinit.o
LOAD obj\Release\apps\soundbox\log_config\app_config.o
LOAD obj\Release\apps\soundbox\log_config\lib_btctrler_config.o
LOAD obj\Release\apps\soundbox\log_config\lib_driver_config.o
LOAD obj\Release\apps\soundbox\log_config\lib_media_config.o
LOAD obj\Release\apps\soundbox\log_config\lib_system_config.o
LOAD obj\Release\apps\soundbox\log_config\lib_update_config.o
LOAD obj\Release\apps\soundbox\power_manage\app_charge.o
LOAD obj\Release\apps\soundbox\power_manage\app_chargestore.o
LOAD obj\Release\apps\soundbox\power_manage\app_power_manage.o
LOAD obj\Release\apps\soundbox\smartbox\browser\browser.o
LOAD obj\Release\apps\soundbox\smartbox\bt_manage\bt_trans_data\le_smartbox_adv.o
LOAD obj\Release\apps\soundbox\smartbox\bt_manage\bt_trans_data\le_smartbox_module.o
LOAD obj\Release\apps\soundbox\smartbox\bt_manage\smartbox_bt_manage.o
LOAD obj\Release\apps\soundbox\smartbox\cmd_data_deal\cmd_recieve.o
LOAD obj\Release\apps\soundbox\smartbox\cmd_data_deal\cmd_recieve_no_respone.o
LOAD obj\Release\apps\soundbox\smartbox\cmd_data_deal\cmd_respone.o
LOAD obj\Release\apps\soundbox\smartbox\cmd_data_deal\cmd_user.o
LOAD obj\Release\apps\soundbox\smartbox\cmd_data_deal\command.o
LOAD obj\Release\apps\soundbox\smartbox\cmd_data_deal\data_recieve.o
LOAD obj\Release\apps\soundbox\smartbox\cmd_data_deal\data_recieve_no_respone.o
LOAD obj\Release\apps\soundbox\smartbox\cmd_data_deal\data_respone.o
LOAD obj\Release\apps\soundbox\smartbox\config.o
LOAD obj\Release\apps\soundbox\smartbox\event.o
LOAD obj\Release\apps\soundbox\smartbox\feature.o
LOAD obj\Release\apps\soundbox\smartbox\func_cmd\bt_func.o
LOAD obj\Release\apps\soundbox\smartbox\func_cmd\fm_func.o
LOAD obj\Release\apps\soundbox\smartbox\func_cmd\linein_func.o
LOAD obj\Release\apps\soundbox\smartbox\func_cmd\music_func.o
LOAD obj\Release\apps\soundbox\smartbox\func_cmd\rtc_func.o
LOAD obj\Release\apps\soundbox\smartbox\function.o
LOAD obj\Release\apps\soundbox\smartbox\smartbox.o
LOAD obj\Release\apps\soundbox\smartbox\smartbox_rcsp_manage.o
LOAD obj\Release\apps\soundbox\smartbox\smartbox_setting\adv_bt_name_setting.o
LOAD obj\Release\apps\soundbox\smartbox\smartbox_setting\adv_key_setting.o
LOAD obj\Release\apps\soundbox\smartbox\smartbox_setting\adv_led_setting.o
LOAD obj\Release\apps\soundbox\smartbox\smartbox_setting\adv_mic_setting.o
LOAD obj\Release\apps\soundbox\smartbox\smartbox_setting\adv_time_stamp_setting.o
LOAD obj\Release\apps\soundbox\smartbox\smartbox_setting\adv_work_setting.o
LOAD obj\Release\apps\soundbox\smartbox\smartbox_setting\smartbox_eq_setting.o
LOAD obj\Release\apps\soundbox\smartbox\smartbox_setting\smartbox_high_low_vol_setting.o
LOAD obj\Release\apps\soundbox\smartbox\smartbox_setting\smartbox_misc_setting\smartbox_misc_drc_setting.o
LOAD obj\Release\apps\soundbox\smartbox\smartbox_setting\smartbox_misc_setting\smartbox_misc_reverbration_setting.o
LOAD obj\Release\apps\soundbox\smartbox\smartbox_setting\smartbox_misc_setting\smartbox_misc_setting.o
LOAD obj\Release\apps\soundbox\smartbox\smartbox_setting\smartbox_music_info_setting.o
LOAD obj\Release\apps\soundbox\smartbox\smartbox_setting\smartbox_vol_setting.o
LOAD obj\Release\apps\soundbox\smartbox\smartbox_setting_opt\smartbox_adv_bluetooth.o
LOAD obj\Release\apps\soundbox\smartbox\smartbox_setting_opt\smartbox_setting_opt.o
LOAD obj\Release\apps\soundbox\smartbox\smartbox_setting_opt\smartbox_setting_sync.o
LOAD obj\Release\apps\soundbox\smartbox\smartbox_update\rcsp_ch_loader_download.o
LOAD obj\Release\apps\soundbox\smartbox\smartbox_update\smartbox_update.o
LOAD obj\Release\apps\soundbox\smartbox\smartbox_update\smartbox_update_tws.o
LOAD obj\Release\apps\soundbox\smartbox\switch_device.o
LOAD obj\Release\apps\soundbox\soundcard\lamp.o
LOAD obj\Release\apps\soundbox\soundcard\notice.o
LOAD obj\Release\apps\soundbox\soundcard\peripheral.o
LOAD obj\Release\apps\soundbox\soundcard\soundcard.o
LOAD obj\Release\apps\soundbox\task_manager\app_common.o
LOAD obj\Release\apps\soundbox\task_manager\app_task_switch.o
LOAD obj\Release\apps\soundbox\task_manager\bt\bt.o
LOAD obj\Release\apps\soundbox\task_manager\bt\bt_ble.o
LOAD obj\Release\apps\soundbox\task_manager\bt\bt_emitter.o
LOAD obj\Release\apps\soundbox\task_manager\bt\bt_event_fun.o
LOAD obj\Release\apps\soundbox\task_manager\bt\bt_key_fun.o
LOAD obj\Release\apps\soundbox\task_manager\bt\bt_product_test.o
LOAD obj\Release\apps\soundbox\task_manager\bt\bt_switch_fun.o
LOAD obj\Release\apps\soundbox\task_manager\bt\bt_tws.o
LOAD obj\Release\apps\soundbox\task_manager\bt\vol_sync.o
LOAD obj\Release\apps\soundbox\task_manager\fm\fm.o
LOAD obj\Release\apps\soundbox\task_manager\fm\fm_api.o
LOAD obj\Release\apps\soundbox\task_manager\fm\fm_rw.o
LOAD obj\Release\apps\soundbox\task_manager\idle\idle.o
LOAD obj\Release\apps\soundbox\task_manager\linein\linein.o
LOAD obj\Release\apps\soundbox\task_manager\linein\linein_api.o
LOAD obj\Release\apps\soundbox\task_manager\linein\linein_dev.o
LOAD obj\Release\apps\soundbox\task_manager\music\music.o
LOAD obj\Release\apps\soundbox\task_manager\pc\pc.o
LOAD obj\Release\apps\soundbox\task_manager\power_off\power_off.o
LOAD obj\Release\apps\soundbox\task_manager\power_on\power_on.o
LOAD obj\Release\apps\soundbox\task_manager\record\record.o
LOAD obj\Release\apps\soundbox\task_manager\rtc\alarm_api.o
LOAD obj\Release\apps\soundbox\task_manager\rtc\alarm_user.o
LOAD obj\Release\apps\soundbox\task_manager\rtc\rtc.o
LOAD obj\Release\apps\soundbox\task_manager\rtc\rtc_simulate.o
LOAD obj\Release\apps\soundbox\task_manager\spdif\hdmi_cec_drv.o
LOAD obj\Release\apps\soundbox\task_manager\spdif\spdif.o
LOAD obj\Release\apps\soundbox\task_manager\task_key.o
LOAD obj\Release\apps\soundbox\third_party_profile\ancs_client_demo\ancs_client_demo.o
LOAD obj\Release\apps\soundbox\third_party_profile\trans_data_demo\trans_data_demo.o
LOAD obj\Release\apps\soundbox\ui\color_led\color_led_app.o
LOAD obj\Release\apps\soundbox\ui\color_led\color_led_table.o
LOAD obj\Release\apps\soundbox\ui\color_led\driver\color_led.o
LOAD obj\Release\apps\soundbox\ui\color_led\driver\color_led_driver.o
LOAD obj\Release\apps\soundbox\ui\lcd\lyrics_api.o
LOAD obj\Release\apps\soundbox\ui\lcd\STYLE_02\bt_action.o
LOAD obj\Release\apps\soundbox\ui\lcd\STYLE_02\clock_action.o
LOAD obj\Release\apps\soundbox\ui\lcd\STYLE_02\fm_action.o
LOAD obj\Release\apps\soundbox\ui\lcd\STYLE_02\main_action.o
LOAD obj\Release\apps\soundbox\ui\lcd\STYLE_02\music_action.o
LOAD obj\Release\apps\soundbox\ui\lcd\STYLE_02\system_action.o
LOAD obj\Release\apps\soundbox\ui\lcd\ui_sys_param_api.o
LOAD obj\Release\apps\soundbox\ui\led7\ui_bt.o
LOAD obj\Release\apps\soundbox\ui\led7\ui_common.o
LOAD obj\Release\apps\soundbox\ui\led7\ui_fm.o
LOAD obj\Release\apps\soundbox\ui\led7\ui_fm_emitter.o
LOAD obj\Release\apps\soundbox\ui\led7\ui_idle.o
LOAD obj\Release\apps\soundbox\ui\led7\ui_linein.o
LOAD obj\Release\apps\soundbox\ui\led7\ui_music.o
LOAD obj\Release\apps\soundbox\ui\led7\ui_pc.o
LOAD obj\Release\apps\soundbox\ui\led7\ui_record.o
LOAD obj\Release\apps\soundbox\ui\led7\ui_rtc.o
LOAD obj\Release\apps\soundbox\ui\led\pwm_led_api.o
LOAD obj\Release\apps\soundbox\ui\led\pwm_led_para_table.o
LOAD obj\Release\apps\soundbox\user_api\app_pwmled_api.o
LOAD obj\Release\apps\soundbox\user_api\app_record_api.o
LOAD obj\Release\apps\soundbox\user_api\app_special_play_api.o
LOAD obj\Release\apps\soundbox\user_api\dev_multiplex_api.o
LOAD obj\Release\apps\soundbox\version.o
LOAD obj\Release\cpu\br25\adc_api.o
LOAD obj\Release\cpu\br25\audio_common\app_audio.o
LOAD obj\Release\cpu\br25\audio_common\audio_link.o
LOAD obj\Release\cpu\br25\audio_dec\audio_dec.o
LOAD obj\Release\cpu\br25\audio_dec\audio_dec_bt.o
LOAD obj\Release\cpu\br25\audio_dec\audio_dec_file.o
LOAD obj\Release\cpu\br25\audio_dec\audio_dec_fm.o
LOAD obj\Release\cpu\br25\audio_dec\audio_dec_linein.o
LOAD obj\Release\cpu\br25\audio_dec\audio_dec_midi_file.o
LOAD obj\Release\cpu\br25\audio_dec\audio_dec_pc.o
LOAD obj\Release\cpu\br25\audio_dec\audio_dec_record.o
LOAD obj\Release\cpu\br25\audio_dec\audio_dec_spdif.o
LOAD obj\Release\cpu\br25\audio_dec\audio_dec_tone.o
LOAD obj\Release\cpu\br25\audio_dec\audio_sync.o
LOAD obj\Release\cpu\br25\audio_dec\audio_usb_mic.o
LOAD obj\Release\cpu\br25\audio_dec\tone_player.o
LOAD obj\Release\cpu\br25\audio_effect\eq_config.o
LOAD obj\Release\cpu\br25\audio_enc\audio_dongle_codec.o
LOAD obj\Release\cpu\br25\audio_enc\audio_enc.o
LOAD obj\Release\cpu\br25\audio_enc\audio_enc_file.o
LOAD obj\Release\cpu\br25\audio_enc\audio_enc_recoder.o
LOAD obj\Release\cpu\br25\audio_enc\audio_mic_codec.o
LOAD obj\Release\cpu\br25\audio_enc\audio_recorder_mix.o
LOAD obj\Release\cpu\br25\audio_enc\audio_sbc_codec.o
LOAD obj\Release\cpu\br25\audio_mic\effect_cfg.o
LOAD obj\Release\cpu\br25\audio_mic\effect_debug.o
LOAD obj\Release\cpu\br25\audio_mic\effect_reg.o
LOAD obj\Release\cpu\br25\audio_mic\effect_reg_echo.o
LOAD obj\Release\cpu\br25\audio_mic\effect_reg_reverb.o
LOAD obj\Release\cpu\br25\audio_mic\effect_tool.o
LOAD obj\Release\cpu\br25\audio_mic\loud_speaker.o
LOAD obj\Release\cpu\br25\audio_mic\mic_effect.o
LOAD obj\Release\cpu\br25\audio_mic\mic_stream.o
LOAD obj\Release\cpu\br25\charge.o
LOAD obj\Release\cpu\br25\chargestore.o
LOAD obj\Release\cpu\br25\clock_manager.o
LOAD obj\Release\cpu\br25\iic_eeprom_test.o
LOAD obj\Release\cpu\br25\iic_hw.o
LOAD obj\Release\cpu\br25\iic_slave_test.o
LOAD obj\Release\cpu\br25\iic_soft.o
LOAD obj\Release\cpu\br25\irflt.o
LOAD obj\Release\cpu\br25\localtws\localtws.o
LOAD obj\Release\cpu\br25\localtws\localtws_dec.o
LOAD obj\Release\cpu\br25\mcpwm.o
LOAD obj\Release\cpu\br25\overlay_code.o
LOAD obj\Release\cpu\br25\plcnt.o
LOAD obj\Release\cpu\br25\port_wkup.o
LOAD obj\Release\cpu\br25\pwm_led.o
LOAD obj\Release\cpu\br25\setup.o
LOAD obj\Release\cpu\br25\spi.o
LOAD obj\Release\cpu\br25\spi_test.o
LOAD obj\Release\cpu\br25\uart_bt_product.o
LOAD obj\Release\cpu\br25\uart_dev.o
LOAD obj\Release\cpu\br25\uart_test.o
LOAD obj\Release\cpu\br25\ui_driver\lcd_seg\lcd_seg3x9_driver.o
LOAD obj\Release\cpu\br25\ui_driver\led7\led7_driver.o
LOAD obj\Release\cpu\br25\ui_driver\LED_1888\LED1888.o
LOAD obj\Release\cpu\br25\ui_driver\ui_common.o
START GROUP
LOAD include_lib/liba/br25/cpu.a
LOAD include_lib/liba/br25/btstack.a
LOAD include_lib/liba/br25/btctrler.a
LOAD include_lib/liba/br25/system.a
LOAD include_lib/liba/br25/libepmotion.a
LOAD include_lib/liba/br25/wtg_dec_lib.a
LOAD include_lib/liba/br25/sbc_eng_lib.a
LOAD include_lib/liba/br25/mp3tsy_dec_lib.a
LOAD include_lib/liba/br25/flac_dec_lib.a
LOAD include_lib/liba/br25/ape_dec_lib.a
LOAD include_lib/liba/br25/m4a_tws_lib.a
LOAD include_lib/liba/br25/amr_dec_lib.a
LOAD include_lib/liba/br25/dts_dec_lib.a
LOAD include_lib/liba/br25/mp3_decstream_lib.a
LOAD include_lib/liba/br25/wma_decstream_lib.a
LOAD include_lib/liba/br25/libAptFilt_pi32v2_OnChip.a
LOAD include_lib/liba/br25/libEchoSuppress_pi32v2_OnChip.a
LOAD include_lib/liba/br25/libNoiseSuppress_pi32v2_OnChip.a
LOAD include_lib/liba/br25/libSplittingFilter_pi32v2_OnChip.a
LOAD include_lib/liba/br25/libDelayEstimate_pi32v2_OnChip.a
LOAD include_lib/liba/br25/compressor.a
LOAD include_lib/liba/br25/crossover_coff.a
LOAD include_lib/liba/br25/limiter.a
LOAD include_lib/liba/br25/lib_pitchshifter.a
LOAD include_lib/liba/br25/lib_pitch_speed.a
LOAD include_lib/liba/br25/lib_reverb_cal.a
LOAD include_lib/liba/br25/lib_mp2_code.a
LOAD include_lib/liba/br25/lib_adpcm_code.a
LOAD include_lib/liba/br25/mp3_enc_lib.a
LOAD include_lib/liba/br25/opus_enc_lib.a
LOAD include_lib/liba/br25/speex_enc_lib.a
LOAD include_lib/liba/br25/lib_rmono2stereo.a
LOAD include_lib/liba/br25/limiter_noiseGate.a
LOAD include_lib/liba/br25/howling.a
LOAD include_lib/liba/br25/noisegate.a
LOAD include_lib/liba/br25/shiftPhase.a
LOAD include_lib/liba/br25/pemafrow.a
LOAD include_lib/liba/br25/lib_howlings_phf.a
LOAD include_lib/liba/br25/lib_resample_cal.a
LOAD include_lib/liba/br25/mp3_dec_lib.a
LOAD include_lib/liba/br25/wma_dec_lib.a
LOAD include_lib/liba/br25/wav_dec_lib.a
LOAD include_lib/liba/br25/agreement.a
LOAD include_lib/liba/br25/lib_sur_cal.a
LOAD include_lib/liba/br25/lib_vbass_cal.a
LOAD include_lib/liba/br25/loudness.a
LOAD include_lib/liba/br25/filtparam_cal_lib.a
LOAD include_lib/liba/br25/media_app.a
LOAD include_lib/liba/br25/bt_hash_enc.a
LOAD include_lib/liba/br25/rcsp_stack.a
LOAD include_lib/liba/br25/lib_midi_dec.a
LOAD include_lib/liba/br25/media.a
LOAD include_lib/liba/br25/libFFT_pi32v2_OnChip.a
LOAD include_lib/liba/br25/update.a
LOAD include_lib/liba/br25/crypto_toolbox_Ospeed.a
END GROUP
                0x00117d40                local_irq_enable = 0x117d40
                0x00117d44                local_irq_disable = 0x117d44
                0x00117d48                p33_buf = 0x117d48
                0x00117d4c                p33_xor_1byte = 0x117d4c
                0x00117d50                p33_and_1byte = 0x117d50
                0x00117d54                p33_or_1byte = 0x117d54
                0x00117d58                p33_tx_1byte = 0x117d58
                0x00117d5c                p33_rx_1byte = 0x117d5c
                0x00117d60                P33_CON_SET = 0x117d60
                0x00117d64                os_init = 0x117d64
                0x00117d68                os_start = 0x117d68
                0x00117d6c                os_get_curr_tcb_var = 0x117d6c
                0x00117d70                os_task_create = 0x117d70
                0x00117d74                os_current_task_rom = 0x117d74
                0x00117d78                os_time_dly = 0x117d78
                0x00117d7c                os_time_get = 0x117d7c
                0x00117d80                os_task_del_req = 0x117d80
                0x00117d84                os_task_del_res = 0x117d84
                0x00117d88                os_task_del = 0x117d88
                0x00117d8c                __os_taskq_pend = 0x117d8c
                0x00117d90                os_taskq_pend = 0x117d90
                0x00117d94                os_task_pend = 0x117d94
                0x00117d98                __os_taskq_post_rom = 0x117d98
                0x00117da4                os_taskq_flush_rom = 0x117da4
                0x00117db4                os_taskq_accept = 0x117db4
                0x00117db8                os_taskq_del_rom = 0x117db8
                0x00117dbc                os_taskq_del_type = 0x117dbc
                0x00117dc0                os_sem_create = 0x117dc0
                0x00117dc4                os_sem_del = 0x117dc4
                0x00117dc8                os_sem_pend_rom = 0x117dc8
                0x00117dcc                os_sem_post = 0x117dcc
                0x00117dd0                os_sem_set = 0x117dd0
                0x00117dd4                os_sem_valid = 0x117dd4
                0x00117dd8                os_sem_query = 0x117dd8
                0x00117ddc                os_mutex_create = 0x117ddc
                0x00117de0                os_mutex_del = 0x117de0
                0x00117de4                os_mutex_pend_rom = 0x117de4
                0x00117de8                os_mutex_post = 0x117de8
                0x00117dec                os_mutex_valid = 0x117dec
                0x00117df0                xTaskCreate = 0x117df0
                0x00117df4                xTaskGetCurrentTaskHandle = 0x117df4
                0x00117df8                xTaskGetTickCount = 0x117df8
                0x00117dfc                xTaskGetHandle = 0x117dfc
                0x00117e00                vTaskDelete = 0x117e00
                0x00117e04                xTaskGetApplicationTaskTag = 0x117e04
                0x00117e08                vTaskSetApplicationTaskTag = 0x117e08
                0x00117e0c                xQueueGenericCreateStatic = 0x117e0c
                0x00117e10                xQueueGenericReset = 0x117e10
                0x00117e14                xQueueGenericSend = 0x117e14
                0x00117e18                xQueueGenericSendFromISR = 0x117e18
                0x00117e1c                xQueueGenericReceive = 0x117e1c
                0x00117e20                xQueueReceiveFromISR = 0x117e20
                0x00117e24                vQueueDelete = 0x117e24
                0x00117e28                uxQueueMessagesWaiting = 0x117e28
                0x00117e2c                uxQueueMessagesWaitingFromISR = 0x117e2c
                0x00117e30                uxQueueSpacesAvailable = 0x117e30
                0x00117e34                pcTaskGetName = 0x117e34
                0x00117e38                prvGetExpectedIdleTime = 0x117e38
                0x00117e3c                eTaskConfirmSleepModeStatus = 0x117e3c
                0x00117e40                vTaskStepTick = 0x117e40
                0x00117e44                pxPortInitialiseStack = 0x117e44
                0x00117e48                xPortStartScheduler = 0x117e48
                0x00117e4c                vPortEndScheduler = 0x117e4c
                0x00117e50                vPortYield = 0x117e50
                0x00117e54                vPortExitCritical = 0x117e54
                0x00117e58                OS_ClrPending = 0x117e58
                0x00117e5c                vTickISR = 0x117e5c
                0x00117e60                pmalloc_init = 0x117e60
                0x00117e64                pmalloc = 0x117e64
                0x00117e68                pfree = 0x117e68
                0x00117e6c                pmalloc_get_unused_pages = 0x117e6c
                0x00117e70                get_physic_address = 0x117e70
                0x00117e74                pmm_get_var = 0x117e74
                0x00117e78                vmm_init_ = 0x117e78
                0x00117e7c                vmalloc_ = 0x117e7c
                0x00117e80                vfree_ = 0x117e80
                0x00117e84                vmem_get_phy_adr = 0x117e84
                0x00117e88                vmem_start = 0x117e88
                0x00117e8c                vmem_end = 0x117e8c
                0x00117e90                vmm_get_var = 0x117e90
                0x00117e94                vmalloc_v2 = 0x117e94
                0x00117e98                vfree_v2 = 0x117e98
                0x00117e9c                vcopy_ = 0x117e9c
                0x00117ea0                get_cvsd_codec_ops = 0x117ea0
                0x00117ea4                VecPlus_fix_r_r_r = 0x117ea4
                0x00117ea8                VecMinus_fix_r_r_r = 0x117ea8
                0x00117eac                VecDiv_fix_r_r_r = 0x117eac
                0x00117eb0                VecEleMul_fix_r_r_r = 0x117eb0
                0x00117eb4                VecEleMul_fix_c_r_c = 0x117eb4
                0x00117eb8                VecMagAndDiv_fix = 0x117eb8
                0x00117ebc                VecCopy_fix_r_r = 0x117ebc
                0x00117ec0                VecConjEleMulAndDiv_fix = 0x117ec0
                0x00117ec4                VecRecurAvg_fix = 0x117ec4
                0x00117ec8                VecConjRecurAvg_fix = 0x117ec8
                0x00117ecc                VecMagRecurAvg_fix = 0x117ecc
                0x00117ed0                VecPlusMulScalar_fix = 0x117ed0
                0x00117ed4                VecGetMag_fix = 0x117ed4
                0x00117ed8                VecMax_fix_v_s = 0x117ed8
                0x00117edc                VecMin_fix_v_s = 0x117edc
                0x00117ee0                VecOppos_fix = 0x117ee0
                0x00117ee4                VecMean_fix = 0x117ee4
                0x00117ee8                VecMeanSq_fix_c = 0x117ee8
                0x00117eec                VecRequanByMax_fix_r = 0x117eec
                0x00117ef0                VecRequanByMax_fix_c = 0x117ef0
                0x00117ef4                VecEleShift_fix_c = 0x117ef4
                0x00117ef8                VecOvShift_fix = 0x117ef8
                0x00117efc                VecCopy_fix_r_c = 0x117efc
                0x00117f00                VecMeanSq_fix_r = 0x117f00
                0x00117f04                VecEleShift_fix_r = 0x117f04
                0x00117f08                logAprx_fix = 0x117f08
                0x00117f0c                expAprx_fix = 0x117f0c
                0x00117f10                sqrtAprx_fix = 0x117f10
                0x00117f14                VecEleMul_s16_s16_s32 = 0x117f14
                0x00117f18                VecEleMul_s16_s32_s16 = 0x117f18
                0x00117f1c                VecEleMul_s32_s16_s32 = 0x117f1c
                0x00117f20                VecOvShift_s16_s16 = 0x117f20
                0x00117f24                VecOvShift_s16_s32 = 0x117f24
                0x00117f28                VecCopy_s16_s32 = 0x117f28
                0x00117f2c                VecCopy_s32_s16 = 0x117f2c
                0x00117f30                VecMinus_s16_s32_s32 = 0x117f30
                0x00117f34                VecMeanSq_s16_s32 = 0x117f34
                0x00117f38                CircVecArrEwMulAndSum_fix = 0x117f38
                0x00117f3c                B_fir_cal_s = 0x117f3c
                0x00117f40                B_array_vol = 0x117f40
                0x00117f44                B_Syn_filt = 0x117f44
                0x00117f48                B_Residu = 0x117f48
                0x00117f4c                B_comput_correlataionS = 0x117f4c
                0x00117f50                B_iircal = 0x117f50
                0x00117f54                repair_corefun_corr = 0x117f54
                0x00117f58                repair_corefun_mixdata = 0x117f58
                0x00117f5c                get_repair_api = 0x117f5c
                0x00117f60                firfft = 0x117f60
                0x00117f64                firifft = 0x117f64
                0x00117f68                _rfifft_wrap = 0x117f68
                0x00117f6c                _rififft_wrap = 0x117f6c
                0x00117f70                memmem = 0x117f70
                0x00117f74                memcpy = 0x117f74
                0x00117f78                memmove = 0x117f78
                0x00117f7c                memcmp = 0x117f7c
                0x00117f80                memset = 0x117f80
                0x00117f84                strcmp = 0x117f84
                0x00117f88                strcpy = 0x117f88
                0x00117f8c                strlen = 0x117f8c
                0x00117f90                strncmp = 0x117f90
                0x00117f94                strstr = 0x117f94
                0x00117f98                strchr = 0x117f98
                0x00117f9c                __fixdfsi = 0x117f9c
                0x00117fa0                __fixsfsi = 0x117fa0
                0x00117fa4                spi_get_port = 0x117fa4
                0x00117fa8                spi_set_port = 0x117fa8
                0x00117fac                sfc_suspend = 0x117fac
                0x00117fb0                sfc_resume = 0x117fb0
                0x00117fb4                sfc_drop_cache = 0x117fb4
                0x00117fb8                chip_crc16 = 0x117fb8
                0x00117fbc                CrcDecode = 0x117fbc
                0x00117fc0                mask_init = 0x117fc0
                0x00117fc4                wdt_clr = 0x117fc4
                0x00117fc8                nvram_set_boot_state = 0x117fc8
                0x00117fcc                chip_reset = 0x117fcc
                0x00117fd0                the_debug_isr = 0x117fd0
                0x00117fd4                flash_poweron = 0x117fd4
                0x00117fdc                print = 0x117fdc
                0x00117fe0                sprintf = 0x117fe0
                0x00117fe8                puts = 0x117fe8
                0x00117fec                doe = 0x117fec
                0x00117ff0                LZ4_setStreamDecode = 0x117ff0
                0x00117ff4                LZ4_decompress_safe_continue = 0x117ff4
                0x00117ff8                LZ4_decompress_generic = 0x117ff8
                0x00117ffc                LZ4_decompress_safe_usingDict = 0x117ffc
                0x00110f60                bsinc_tab_6 = 0x110f60
                0x001111a4                bsinc_tab_6_l = 0x1111a4
                0x00110c60                ans_win = 0x110c60
                0x00110d60                nlp_win = 0x110d60
                0x00115f48                iCos_Tab = 0x115f48
                0x00110060                WOLA_ANA_128 = 0x110060
                0x00110460                WOLA_ANA_64 = 0x110460
                0x00110660                WOLA_SYN_128 = 0x110660
                0x00110a60                WOLA_SYN_64 = 0x110a60
                0x00031f00                _IRQ_MEM_ADDR = 0x31f00
                0x00031b60                _MASK_MEM_BEGIN = 0x31b60
                0x00000318                _MASK_MEM_SIZE = 0x318
                0x00000080                UPDATA_SIZE = 0x80
                0x00031ae0                UPDATA_BEG = (_MASK_MEM_BEGIN - UPDATA_SIZE)
                0x000f9000                UPDATA_BREDR_BASE_BEG = 0xf9000
                0x00010000                RAM_LIMIT_L = 0x10000
                0x00031ae0                RAM_LIMIT_H = UPDATA_BEG
                0x00021ae0                PHY_RAM_SIZE = (RAM_LIMIT_H - RAM_LIMIT_L)
                0x00031f00                ISR_BASE = _IRQ_MEM_ADDR
                0x00000318                ROM_RAM_SIZE = _MASK_MEM_SIZE
                0x00031b60                ROM_RAM_BEG = _MASK_MEM_BEGIN
                0x00010000                RAM_BEGIN = RAM_LIMIT_L
                0x00031ae0                RAM_END = RAM_LIMIT_H
                0x00021ae0                RAM_SIZE = (RAM_END - RAM_BEGIN)
                0x01ffffff                RES_RAM_BEGIN = 0x1ffffff
                0x02800000                RES_RAM_END = 0x2800000
                0x00800001                RES_RAM_SIZE = (RES_RAM_END - RES_RAM_BEGIN)
                0x0000000d                EQ_SECTION_NUM = 0xd
                0x01e00120                . = ORIGIN (code0)

.text           0x01e00120    0x64714
                0x01e00120                PROVIDE (flash_code_begin, .)
 *startup.o(.text)
 .text          0x01e00120       0x7e include_lib/liba/br25/cpu.a(startup.o)
                0x01e00120                _start
 *(.text*)
 .text          0x01e0019e    0x1b316 cpu\br25\tools\sdk.elf.o
                0x01e01d56                update_result_get
                0x01e04bca                __errno
                0x01e04c00                main
                0x01e1217e                app_bank_init
                0x01e128a0                exception_analyze
 .text          0x01e1b4b4        0x0 include_lib/liba/br25/cpu.a(fm_dem.o)
 .text          0x01e1b4b4        0x0 include_lib/liba/br25/system.a(port_asm_mmu.o)
 .text          0x01e1b4b4       0xa2 C:\JL\pi32\pi32v2-lib\r3\libm.a(lib_a-s_round.o)
                0x01e1b4b4                round
 .text          0x01e1b556       0xce C:\JL\pi32\pi32v2-lib\r3\libm.a(lib_a-w_exp.o)
                0x01e1b556                exp
 .text          0x01e1b624       0xc2 C:\JL\pi32\pi32v2-lib\r3\libm.a(lib_a-w_log.o)
                0x01e1b624                log
 .text          0x01e1b6e6      0x28e C:\JL\pi32\pi32v2-lib\r3\libm.a(lib_a-w_pow.o)
                0x01e1b6e6                pow
 .text          0x01e1b974      0x280 C:\JL\pi32\pi32v2-lib\r3\libm.a(lib_a-e_exp.o)
                0x01e1b974                __ieee754_exp
 .text          0x01e1bbf4      0x31a C:\JL\pi32\pi32v2-lib\r3\libm.a(lib_a-e_log.o)
                0x01e1bbf4                __ieee754_log
 .text          0x01e1bf0e      0x84a C:\JL\pi32\pi32v2-lib\r3\libm.a(lib_a-e_pow.o)
                0x01e1bf0e                __ieee754_pow
 .text          0x01e1c758      0x14a C:\JL\pi32\pi32v2-lib\r3\libm.a(lib_a-e_sqrt.o)
                0x01e1c758                __ieee754_sqrt
 .text          0x01e1c8a2        0x4 C:\JL\pi32\pi32v2-lib\r3\libm.a(lib_a-s_fabs.o)
                0x01e1c8a2                fabs
 .text          0x01e1c8a6       0x10 C:\JL\pi32\pi32v2-lib\r3\libm.a(lib_a-s_finite.o)
                0x01e1c8a6                finite
 .text          0x01e1c8b6       0x62 C:\JL\pi32\pi32v2-lib\r3\libm.a(lib_a-s_fpclassify.o)
                0x01e1c8b6                __fpclassifyd
 .text          0x01e1c918        0x0 C:\JL\pi32\pi32v2-lib\r3\libm.a(lib_a-s_lib_ver.o)
 .text          0x01e1c918        0x4 C:\JL\pi32\pi32v2-lib\r3\libm.a(lib_a-s_matherr.o)
                0x01e1c918                matherr
 .text          0x01e1c91c        0xa C:\JL\pi32\pi32v2-lib\r3\libm.a(lib_a-s_nan.o)
                0x01e1c91c                nan
 .text          0x01e1c926      0x120 C:\JL\pi32\pi32v2-lib\r3\libm.a(lib_a-s_rint.o)
                0x01e1c926                rint
 .text          0x01e1ca46       0xe2 C:\JL\pi32\pi32v2-lib\r3\libm.a(lib_a-s_scalbn.o)
                0x01e1ca46                scalbn
 .text          0x01e1cb28       0x20 C:\JL\pi32\pi32v2-lib\r3\libm.a(lib_a-s_copysign.o)
                0x01e1cb28                copysign
 .text          0x01e1cb48        0x0 C:\JL\pi32\pi32v2-lib\r3\libc.a(lib_a-ctype_.o)
 .text          0x01e1cb48       0x38 C:\JL\pi32\pi32v2-lib\r3\libc.a(lib_a-memcmp.o)
 .text          0x01e1cb80       0xc2 C:\JL\pi32\pi32v2-lib\r3\libc.a(lib_a-memcpy.o)
 .text          0x01e1cc42       0x28 C:\JL\pi32\pi32v2-lib\r3\libc.a(lib_a-memmem.o)
 .text          0x01e1cc6a       0x2c C:\JL\pi32\pi32v2-lib\r3\libc.a(lib_a-memset.o)
 .text          0x01e1cc96       0x18 C:\JL\pi32\pi32v2-lib\r3\libc.a(lib_a-strcat.o)
                0x01e1cc96                strcat
 .text          0x01e1ccae       0x14 C:\JL\pi32\pi32v2-lib\r3\libc.a(lib_a-strchr.o)
 .text          0x01e1ccc2       0xa0 C:\JL\pi32\pi32v2-lib\r3\libc.a(lib_a-strcmp.o)
 .text          0x01e1cd62       0x6e C:\JL\pi32\pi32v2-lib\r3\libc.a(lib_a-strcpy.o)
 .text          0x01e1cdd0        0xc C:\JL\pi32\pi32v2-lib\r3\libc.a(lib_a-strlen.o)
 .text          0x01e1cddc       0x20 C:\JL\pi32\pi32v2-lib\r3\libc.a(lib_a-strncmp.o)
 .text          0x01e1cdfc       0x26 C:\JL\pi32\pi32v2-lib\r3\libc.a(lib_a-strncpy.o)
                0x01e1cdfc                strncpy
 .text          0x01e1ce22       0x24 C:\JL\pi32\pi32v2-lib\r3\libc.a(lib_a-strrchr.o)
                0x01e1ce22                strrchr
 .text          0x01e1ce46       0x2a C:\JL\pi32\pi32v2-lib\r3\libc.a(lib_a-strstr.o)
 .text          0x01e1ce70       0x10 C:\JL\pi32\pi32v2-lib\r3\libc.a(lib_a-strtok.o)
                0x01e1ce70                strtok
 .text          0x01e1ce80       0x54 C:\JL\pi32\pi32v2-lib\r3\libc.a(lib_a-strtok_r.o)
                0x01e1ce80                __strtok_r
                0x01e1ced0                strtok_r
 .text          0x01e1ced4        0x0 C:\JL\pi32\pi32v2-lib\r3\libc.a(lib_a-impure.o)
 .text          0x01e1ced4      0x314 C:\JL\pi32\pi32v2-lib\r3\libcompiler-rt.a(adddf3.o)
                0x01e1cf14                __adddf3
 .text          0x01e1d1e8      0x1a0 C:\JL\pi32\pi32v2-lib\r3\libcompiler-rt.a(comparedf2.o)
                0x01e1d1e8                __ledf2
                0x01e1d1e8                __cmpdf2
                0x01e1d298                __gedf2
                0x01e1d340                __unorddf2
                0x01e1d380                __eqdf2
                0x01e1d382                __ltdf2
                0x01e1d384                __nedf2
                0x01e1d386                __gtdf2
 .text          0x01e1d388      0x346 C:\JL\pi32\pi32v2-lib\r3\libcompiler-rt.a(divdf3.o)
                0x01e1d3be                __divdf3
 .text          0x01e1d6ce       0x54 C:\JL\pi32\pi32v2-lib\r3\libcompiler-rt.a(fixdfsi.o)
 .text          0x01e1d722       0x4c C:\JL\pi32\pi32v2-lib\r3\libcompiler-rt.a(floatsidf.o)
                0x01e1d722                __floatsidf
 .text          0x01e1d76e      0x2fa C:\JL\pi32\pi32v2-lib\r3\libcompiler-rt.a(muldf3.o)
                0x01e1d7a4                __muldf3
 .text          0x01e1da68        0x6 C:\JL\pi32\pi32v2-lib\r3\libcompiler-rt.a(subdf3.o)
                0x01e1da68                __subdf3
 .text          0x01e1da6e       0x7a C:\JL\pi32\pi32v2-lib\r3\libcompiler-rt.a(extendsfdf2.o)
                0x01e1da6e                __extendsfdf2
 .text          0x01e1dae8       0x3c C:\JL\pi32\pi32v2-lib\r3\libcompiler-rt.a(fixunsdfsi.o)
                0x01e1dae8                __fixunsdfsi
 .text          0x01e1db24       0x34 C:\JL\pi32\pi32v2-lib\r3\libcompiler-rt.a(floatunsidf.o)
                0x01e1db24                __floatunsidf
 .text          0x01e1db58      0x142 C:\JL\pi32\pi32v2-lib\r3\libcompiler-rt.a(truncdfsf2.o)
                0x01e1db58                __truncdfsf2
 .text          0x01e1dc9a       0x10 C:\JL\pi32\pi32v2-lib\r3\libcompiler-rt.a(udivdi3.o)
                0x01e1dc9a                __udivdi3
 .text          0x01e1dcaa      0x226 C:\JL\pi32\pi32v2-lib\r3\libcompiler-rt.a(udivmoddi4.o)
                0x01e1dcaa                __udivmoddi4
                0x01e1ded0                bank_stub_start = .
 *(.bank.stub.*)
                0x00000000                bank_stub_size = (. - bank_stub_start)
 *(.LOG_TAG_CONST*)
 *(.rodata*)
 .rodata.str1.1
                0x01e1ded0      0xcfd cpu\br25\tools\sdk.elf.o
                                0xd5d (size before relaxing)
 *fill*         0x01e1ebcd        0x3 
 .rodata        0x01e1ebd0     0x4be4 cpu\br25\tools\sdk.elf.o
 .rodata.cst16  0x01e237b4       0x30 cpu\br25\tools\sdk.elf.o
 .rodata.cst32  0x01e237e4       0x60 cpu\br25\tools\sdk.elf.o
 .rodata.cst8   0x01e23844        0x8 cpu\br25\tools\sdk.elf.o
 .rodata.str1.1
                0x01e2384c        0x4 C:\JL\pi32\pi32v2-lib\r3\libm.a(lib_a-w_exp.o)
 .rodata.str1.1
                0x01e23850        0x4 C:\JL\pi32\pi32v2-lib\r3\libm.a(lib_a-w_log.o)
                                  0x5 (size before relaxing)
 .rodata.str1.1
                0x01e23854        0x4 C:\JL\pi32\pi32v2-lib\r3\libm.a(lib_a-w_pow.o)
 .rodata.cst16  0x01e23858       0x30 C:\JL\pi32\pi32v2-lib\r3\libm.a(lib_a-e_exp.o)
 .rodata.str1.1
                0x01e23888        0x1 C:\JL\pi32\pi32v2-lib\r3\libm.a(lib_a-e_pow.o)
 .rodata.cst16  0x01e23888       0x30 C:\JL\pi32\pi32v2-lib\r3\libm.a(lib_a-e_pow.o)
 .rodata.cst16  0x01e238b8       0x10 C:\JL\pi32\pi32v2-lib\r3\libm.a(lib_a-s_rint.o)
 .rodata        0x01e238c8      0x281 C:\JL\pi32\pi32v2-lib\r3\libc.a(lib_a-ctype_.o)
                0x01e23a48                _ctype_
 *fill*         0x01e23b49        0x3 
 .rodata        0x01e23b4c        0x4 C:\JL\pi32\pi32v2-lib\r3\libc.a(lib_a-impure.o)
                0x01e23b4c                _global_impure_ptr
 .rodata.str1.1
                0x01e23b50        0x4 C:\JL\pi32\pi32v2-lib\r3\libc.a(lib_a-impure.o)
                                  0x2 (size before relaxing)
                0x01e23b54                . = ALIGN (0x4)
 *(.dts_dec_const)
 *(.dts_const)
 *(.dts_dec_code)
 *(.dts_code)
 *(.dts_dec_sparse_code)
 *(.dts_dec_sparse_const)
 *(.dts_dec_ff_const)
                0x01e23b54                . = ALIGN (0x4)
 *(.m4a_const)
 *(.m4a_code)
 *(.m4a_dec_const)
 *(.m4a_dec_code)
 *(.m4a_dec_sparse_code)
 *(.m4a_dec_sparse_const)
 *(.m4a_dec_ff_const)
                0x01e23b54                . = ALIGN (0x4)
 *(.aac_const)
 *(.aac_code)
 *(.bt_aac_dec_eng_const)
 *(.bt_aac_dec_eng_code)
 *(.bt_aac_dec_core_code)
 *(.bt_aac_dec_core_sparse_code)
                0x01e23b54                . = ALIGN (0x4)
 *(.alac_const)
 *(.alac_code)
                0x01e23b54                . = ALIGN (0x4)
                0x01e23b54                clock_critical_handler_begin = .
 *(.clock_critical_txt)
 .clock_critical_txt
                0x01e23b50       0x30 cpu\br25\tools\sdk.elf.o
                0x01e23b50                clock_chargestore
                0x01e23b58                clock_uart
                0x01e23b60                clock_timer
                0x01e23b68                clock_sdx
                0x01e23b70                clock_lrc
                0x01e23b78                clock_port
                0x01e23b80                clock_critical_handler_end = .
                0x01e23b80                . = ALIGN (0x4)
                0x01e23b80                gsensor_dev_begin = .
 *(.gsensor_dev)
                0x01e23b80                gsensor_dev_end = .
                0x01e23b80                . = ALIGN (0x4)
                0x01e23b80                OMSensor_dev_begin = .
 *(.omsensor_dev)
                0x01e23b80                OMSensor_dev_end = .
                0x01e23b80                . = ALIGN (0x4)
                0x01e23b80                fm_dev_begin = .
 *(.fm_dev)
 .fm_dev        0x01e23b80       0x28 cpu\br25\tools\sdk.elf.o
                0x01e23ba8                fm_dev_end = .
                0x01e23ba8                . = ALIGN (0x4)
                0x01e23ba8                fm_emitter_dev_begin = .
 *(.fm_emitter_dev)
                0x01e23ba8                fm_emitter_dev_end = .
                0x01e23ba8                . = ALIGN (0x4)
                0x01e23ba8                ui_main_begin = .
 *(.ui_main)
                0x01e23ba8                ui_main_end = .
                0x01e23ba8                . = ALIGN (0x4)
 *(.bfilt_code)
 *(.bfilt_table_maskroom)
                0x01e23ba8                . = ALIGN (0x4)
 *(.tech_lib.aec.text)
                0x01e23ba8                . = ALIGN (0x4)
                0x01e23ba8                btstack_code_start = .
                0x01e23ba8                . = ALIGN (0x4)
                0x01e23ba8                a2dp_source_media_codec_begin = .
 *(.a2dp_source_media_codec)
 .a2dp_source_media_codec
                0x01e23ba8       0x18 cpu\br25\tools\sdk.elf.o
                0x01e23ba8                a2dp_source_codec
                0x01e23bc0                a2dp_source_media_codec_end = .
                0x01e23bc0                a2dp_sink_media_probe_begin = .
 *(.a2dp_sink_media_probe)
                0x01e23bc0                a2dp_sink_media_probe_end = .
                0x01e23bc0                a2dp_sink_media_codec_begin = .
 *(.a2dp_sink_media_codec)
 .a2dp_sink_media_codec
                0x01e23bc0       0x30 cpu\br25\tools\sdk.elf.o
                0x01e23bc0                a2dp_aac_sink_codec
                0x01e23bd8                a2dp_sbc_codec_private
                0x01e23bf0                a2dp_sink_media_codec_end = .
                0x01e23bf0                a2dp_event_handler_begin = .
 *(.a2dp_event_handler)
 .a2dp_event_handler
                0x01e23bf0       0x54 cpu\br25\tools\sdk.elf.o
                0x01e23bf0                a2dp_sink_event_handler
                0x01e23c0c                a2dp_source_event_handler
                0x01e23c28                acp_a2dp_event_handler
                0x01e23c44                a2dp_event_handler_end = .
                0x01e23c44                sdp_record_item_begin = .
 *(.sdp_record_item)
 .sdp_record_item
                0x01e23c44       0x30 cpu\br25\tools\sdk.elf.o
                0x01e23c44                a2dp_sdp_record_item
                0x01e23c50                arp_ct_sdp_record_item
                0x01e23c5c                hid_sdp_record_item
                0x01e23c68                pnp_sdp_record_item
                0x01e23c74                sdp_record_item_end = .
                0x01e23c74                bt_sleep_begin = .
 *(.bt_sleep)
 .bt_sleep      0x01e23c74       0x60 cpu\br25\tools\sdk.elf.o
                0x01e23c74                bt_suspend_a2dp_resumea2dp_release
                0x01e23c80                bt_suspend_avctp_resumeavctp_release
                0x01e23c8c                bt_suspend_hfp_resumehfp_release
                0x01e23c98                bt_suspend_hid_resumehid_release
                0x01e23ca4                bt_suspend_spp_resumespp_release
                0x01e23cb0                bt_suspend_iap_resumeiap_release
                0x01e23cbc                bt_suspend_sdp_resumesdp_release
                0x01e23cc8                bt_suspend_user_cmd_loop_resumeuser_cmd_loop_release
                0x01e23cd4                bt_sleep_end = .
 *(.bt_stack_const)
 .bt_stack_const
                0x01e23cd4      0x67c cpu\br25\tools\sdk.elf.o
 *(.bt_stack_code)
 .bt_stack_code
                0x01e24350     0x82b8 cpu\br25\tools\sdk.elf.o
 *(.ble_db_const)
 *(.ble_db_code)
 *(.ble_sm_const)
 *(.ble_sm_code)
 *(.ble_att_const)
 *(.ble_att_code)
 *(.ble_gatt_const)
 *(.ble_gatt_code)
                0x01e2c608                BTSTACK_LE_HOST_MESH_CODE_START = .
 *(.ble_mesh_code)
 *(.ble_mesh_tinycrypt_code)
 *(.ble_mesh_const)
 *(.ble_mesh_tinycrypt_const)
                0x00000000                BTSTACK_LE_HOST_MESH_CODE_SIZE = ABSOLUTE ((. - BTSTACK_LE_HOST_MESH_CODE_START))
                0x01e2c608                btstack_code_end = .
                0x01e2c608                . = ALIGN (0x4)
                0x01e2c608                . = ALIGN (0x4)
                0x01e2c608                . = ALIGN (0x4)
                0x01e2c608                system_text_start = .
                0x01e2c608                _device_node_begin = .
                0x01e2c608                PROVIDE (device_node_begin, .)
 *(.device)
 .device        0x01e2c608       0x30 cpu\br25\tools\sdk.elf.o
                0x01e2c608                device_table
                0x01e2c638                _device_node_end = .
                0x01e2c638                PROVIDE (device_node_end, .)
                0x01e2c638                config_target_begin = .
                [!provide]                PROVIDE (config_target_begin, .)
 *(.config_target)
 .config_target
                0x01e2c638        0x8 cpu\br25\tools\sdk.elf.o
                0x01e2c638                eq_config_target
                0x01e2c640                config_target_end = .
                [!provide]                PROVIDE (config_target_end, .)
                0x01e2c640                system_code_begin = .
 *(.system.*.text)
 .system.fs.text
                0x01e2c640     0x59c6 cpu\br25\tools\sdk.elf.o
 .system.device.text
                0x01e32006       0xdc cpu\br25\tools\sdk.elf.o
 .system.cpu.text
                0x01e320e2      0xdda cpu\br25\tools\sdk.elf.o
                0x01e3250c                vFillingTaskStack
                0x01e32530                maskrom_init
                0x01e32eb0                hw_mmu_disable
 .system.timer.text
                0x01e32ebc      0x640 cpu\br25\tools\sdk.elf.o
 .system.lbuf.text
                0x01e334fc      0x42e cpu\br25\tools\sdk.elf.o
 .system.cbuf.text
                0x01e3392a      0x162 cpu\br25\tools\sdk.elf.o
 .system.event.text
                0x01e33a8c      0x382 cpu\br25\tools\sdk.elf.o
 .system.printf.text
                0x01e33e0e       0x30 cpu\br25\tools\sdk.elf.o
 .system.app_core.text
                0x01e33e3e      0x14a cpu\br25\tools\sdk.elf.o
 .system.task.text
                0x01e33f88       0x52 cpu\br25\tools\sdk.elf.o
 .system.cfg_tool.text
                0x01e33fda      0x6a0 cpu\br25\tools\sdk.elf.o
 .system.ascii.text
                0x01e3467a       0xd8 cpu\br25\tools\sdk.elf.o
 .system.init.text
                0x01e34752       0x2a cpu\br25\tools\sdk.elf.o
                0x01e34752                boot_info_init
                0x01e3477c                system_code_end = .
                0x01e3477c                . = ALIGN (0x4)
                0x0000813c                system_code_size = (system_code_end - system_code_begin)
                0x01e3477c                vfs_ops_begin = .
 *(.vfs_operations)
 .vfs_operations
                0x01e3477c       0xd0 cpu\br25\tools\sdk.elf.o
                0x01e3477c                sdfile_vfs_ops
                0x01e347e4                fat_vfs_ops
                0x01e3484c                vfs_ops_end = .
                0x01e3484c                _lib_version_begin = .
                [!provide]                PROVIDE (lib_version_begin, .)
 *(.lib_version)
 .lib_version   0x01e3484c        0xc cpu\br25\tools\sdk.elf.o
                0x01e3484c                __version_fs
                0x01e34850                __version_sdfile
                0x01e34854                __version_fatfs
                0x01e34858                _lib_version_end = .
                [!provide]                PROVIDE (lib_version_end, .)
                0x01e34858                _initcall_begin = .
                0x01e34858                PROVIDE (initcall_begin, .)
 *(.initcall)
 .initcall      0x01e34858        0x8 cpu\br25\tools\sdk.elf.o
                0x01e34858                __initcall_eq_init
                0x01e3485c                __initcall_effect_cfg_init
                0x01e34860                _initcall_end = .
                0x01e34860                PROVIDE (initcall_end, .)
                0x01e34860                _early_initcall_begin = .
                0x01e34860                PROVIDE (early_initcall_begin, .)
 *(.early.initcall)
 .early.initcall
                0x01e34860        0xc cpu\br25\tools\sdk.elf.o
                0x01e34860                __initcall_board_power_wakeup_init
                0x01e34864                __initcall_sys_event_init
                0x01e34868                __initcall_sdfile_init
                0x01e3486c                _early_initcall_end = .
                0x01e3486c                PROVIDE (early_initcall_end, .)
                0x01e3486c                _late_initcall_begin = .
                0x01e3486c                PROVIDE (late_initcall_begin, .)
 *(.late.initcall)
                0x01e3486c                _late_initcall_end = .
                0x01e3486c                PROVIDE (late_initcall_end, .)
                0x01e3486c                _platform_initcall_begin = .
                0x01e3486c                PROVIDE (platform_initcall_begin, .)
 *(.platform.initcall)
 .platform.initcall
                0x01e3486c        0x4 cpu\br25\tools\sdk.elf.o
                0x01e3486c                __initcall_syscfg_tools_init
                0x01e34870                _platform_initcall_end = .
                0x01e34870                PROVIDE (platform_initcall_end, .)
                0x01e34870                _module_initcall_begin = .
                0x01e34870                PROVIDE (module_initcall_begin, .)
 *(.module.initcall)
                0x01e34870                _module_initcall_end = .
                0x01e34870                PROVIDE (module_initcall_end, .)
                0x01e34870                _sys_event_handler_begin = .
                0x01e34870                PROVIDE (sys_event_handler_begin, .)
 *(.sys_event.4.handler)
 *(.sys_event.3.handler)
 *(.sys_event.2.handler)
 *(.sys_event.1.handler)
 *(.sys_event.0.handler)
 .sys_event.0.handler
                0x01e34870       0x10 cpu\br25\tools\sdk.elf.o
                0x01e34870                __event_handler_tws_key_event_handler
                0x01e34878                __event_handler_app_sys_event_probe_handler
                0x01e34880                _sys_event_handler_end = .
                0x01e34880                PROVIDE (sys_event_handler_end, .)
                0x01e34880                _syscfg_arg_begin = .
                [!provide]                PROVIDE (syscfg_arg_begin, .)
 *(.syscfg.arg)
                0x01e34880                _syscfg_arg_end = .
                [!provide]                PROVIDE (syscfg_arg_end, .)
                0x01e34880                _syscfg_handler_begin = .
                [!provide]                PROVIDE (syscfg_handler_begin, .)
 *(.syscfg.handler)
                0x01e34880                _syscfg_handler_end = .
                [!provide]                PROVIDE (syscfg_handler_end, .)
                0x01e34880                _syscfg_ops_begin = .
                0x01e34880                PROVIDE (syscfg_ops_begin, .)
 *(.syscfg.2.ops)
 .syscfg.2.ops  0x01e34880       0x1c cpu\br25\tools\sdk.elf.o
                0x01e34880                cfg_btif
 *(.syscfg.1.ops)
 .syscfg.1.ops  0x01e3489c       0x1c cpu\br25\tools\sdk.elf.o
                0x01e3489c                cfg_vm
 *(.syscfg.0.ops)
 .syscfg.0.ops  0x01e348b8       0x1c cpu\br25\tools\sdk.elf.o
                0x01e348b8                cfg_bin
                0x01e348d4                _syscfg_ops_end = .
                0x01e348d4                PROVIDE (syscfg_ops_end, .)
                0x01e348d4                _server_info_begin = .
                [!provide]                PROVIDE (server_info_begin, .)
 *(.server_info)
                0x01e348d4                _server_info_end = .
                [!provide]                PROVIDE (server_info_end, .)
                0x01e348d4                _bus_device_begin = .
                [!provide]                PROVIDE (bus_device_begin, .)
 *(.bus_device)
                0x01e348d4                _bus_device_end = .
                [!provide]                PROVIDE (bus_device_end, .)
                0x01e348d4                _sys_power_hal_ops_begin = .
                [!provide]                PROVIDE (sys_power_hal_ops_begin, .)
 *(.sys_power_hal_ops)
                0x01e348d4                _sys_power_hal_ops_end = .
                [!provide]                PROVIDE (sys_power_hal_ops_end, .)
                0x01e348d4                . = ALIGN (0x4)
                0x01e348d4                lp_target_begin = .
                [!provide]                PROVIDE (lp_target_begin, .)
 *(.lp_target)
 .lp_target     0x01e348d4       0x88 cpu\br25\tools\sdk.elf.o
                0x01e348d4                key_lp_target
                0x01e348dc                hid_user_target
                0x01e348e4                usb_stor_lp_target
                0x01e348ec                vbat_check_lp_target
                0x01e348f4                phone_incom_lp_target
                0x01e348fc                idle_lp_target
                0x01e34904                linein_dev_lp_target
                0x01e3490c                audio_mc_device_lp_target
                0x01e34914                audio_dec_init_lp_target
                0x01e3491c                bt_dec_lp_target
                0x01e34924                tone_dec_lp_target
                0x01e3492c                mic_demo_lp_target
                0x01e34934                __wakeup_is_idle_target
                0x01e3493c                usb_dev_lp_target
                0x01e34944                usr_systimer_lp_target
                0x01e3494c                eq_online_lp_target
                0x01e34954                ota_lp_target
                0x01e3495c                lp_target_end = .
                [!provide]                PROVIDE (lp_target_end, .)
                0x01e3495c                . = ALIGN (0x4)
                0x01e3495c                deepsleep_target_begin = .
                [!provide]                PROVIDE (deepsleep_target_begin, .)
 *(.deepsleep_target)
                0x01e3495c                deepsleep_target_end = .
                [!provide]                PROVIDE (deepsleep_target_end, .)
                0x01e3495c                crypto_begin = .
 *(.crypto_ecdh_code)
 *(.crypto_ecdh_const)
 *(.crypto_bigint_code)
 .crypto_bigint_code
                0x01e3495c      0x5ea cpu\br25\tools\sdk.elf.o
 *(.crypto_bigint_const)
 *(.crypto_code)
 .crypto_code   0x01e34f46      0x596 cpu\br25\tools\sdk.elf.o
 *(.crypto_const)
 .crypto_const  0x01e354dc      0x171 cpu\br25\tools\sdk.elf.o
 *(.ECDH_sample_code)
 *(.ECDH_sample_const)
 *(.uECC_code)
 *fill*         0x01e3564d        0x1 
 .uECC_code     0x01e3564e     0x3082 cpu\br25\tools\sdk.elf.o
 *(.uECC_const)
 .uECC_const    0x01e386d0       0xb0 cpu\br25\tools\sdk.elf.o
 *(.hmac_code)
 .hmac_code     0x01e38780      0x356 cpu\br25\tools\sdk.elf.o
 *(.hmac_const)
 *(.hash_sample_code)
 *(.hash_sample_const)
 *(.aes_cmac_sample_code)
 *(.aes_cmac_sample_const)
                0x01e38ad6                crypto_end = .
                0x0000417a                crypto_size = (. - crypto_begin)
 *(.mem_code)
 *(.mem_const)
 *(.os_port_code)
 *(.os_port_const)
                0x01e38ad6                system_text_end = .
                0x01e38ad8                . = ALIGN (0x4)
 *fill*         0x01e38ad6        0x2 
 *(.mp2_encode_code)
 *(.mp2_encode_const)
 *(.mp2_encode_sparse_code)
 *(.mp2_encode_sparse_code)
                0x01e38ad8                . = ALIGN (0x4)
 *(.mp3_enc_code)
 *(.mp3_enc_const)
 *(.mp3_enc_sparse_code)
 *(.mp3_enc_sparse_const)
                0x01e38ad8                . = ALIGN (0x4)
 *(.adpcm_encode_code)
 *(.adpcm_encode_const)
 *(.adpcm_encode_sparse_code)
 *(.adpcm_encode_sparse_const)
                0x01e38ad8                . = ALIGN (0x4)
 *(.wav_dec_sparse_code)
 .wav_dec_sparse_code
                0x01e38ad8      0x6f8 cpu\br25\tools\sdk.elf.o
 *(.wav_dec_sparse_const)
 *(.wav_dec_code)
 .wav_dec_code  0x01e391d0      0xaea cpu\br25\tools\sdk.elf.o
 *(.wav_dec_const)
 *fill*         0x01e39cba        0x2 
 .wav_dec_const
                0x01e39cbc      0x228 cpu\br25\tools\sdk.elf.o
 *(.wav_const)
 *(.wav_code)
 .wav_code      0x01e39ee4      0x300 cpu\br25\tools\sdk.elf.o
                0x01e3a1e4                . = ALIGN (0x4)
 *(.amr_const)
 *(.amr_code)
 *(.amr_dec_const)
 *(.amr_dec_code)
 *(.amr_dec_sparse_code)
 *(.amr_dec_sparse_const)
 *(.amr_dec_ff_const)
                0x01e3a1e4                . = ALIGN (0x4)
 *(.ape_dec_sparse_code)
 *(.ape_dec_sparse_const)
 *(.ape_dec_code)
 *(.ape_dec_const)
 *(.ape_bss)
 *(.ape_const)
 *(.ape_code)
                0x01e3a1e4                . = ALIGN (0x4)
 *(.flac_dec_sparse_code)
 *(.flac_dec_sparse_const)
 *(.flac_dec_code)
 *(.flac_dec_const)
 *(.flac_const)
 *(.flac_code)
                0x01e3a1e4                . = ALIGN (0x4)
 *(.alac_dec_code)
                0x01e3a1e4                . = ALIGN (0x4)
                0x01f00120                PROVIDE (flash_code_end, (flash_code_begin + 0x100000))
                0x01e3a1e4                update_code_start = .
 *(.bt_updata_ram_code)
 .bt_updata_ram_code
                0x01e3a1e4      0x176 cpu\br25\tools\sdk.elf.o
 *(.update_const)
 *fill*         0x01e3a35a        0x2 
 .update_const  0x01e3a35c      0x158 cpu\br25\tools\sdk.elf.o
 *(.update_code)
 .update_code   0x01e3a4b4      0xcda cpu\br25\tools\sdk.elf.o
                0x01e3b18e                update_code_end = .
                0x01e3b190                . = ALIGN (0x4)
 *fill*         0x01e3b18e        0x2 
                0x01e3b190                media_text_start = .
 *(.aec_code)
 .aec_code      0x01e3b190       0x82 cpu\br25\tools\sdk.elf.o
 *(.aec_const)
 *(.der_code)
 *(.der_const)
 *(.nlp_code)
 *(.nlp_const)
 *(.qmf_code)
 *(.qmf_const)
 *(.bt_audioplc_sparse_code)
 *(.bt_audioplc_code)
 *(.bt_audioplc_const)
                0x01e3b214                . = ALIGN (0x4)
 *fill*         0x01e3b212        0x2 
 *(.res_code)
 *(.res_const)
                0x01e3b214                . = ALIGN (0x4)
 *(.ns_code)
 *(.ns_const)
 *(.opcore_maskrom)
                0x01e3b214                . = ALIGN (0x4)
 *(.pcm_code)
 .pcm_code      0x01e3b214       0x98 cpu\br25\tools\sdk.elf.o
 *(.pcm_const)
 *(.g729_code)
 .g729_code     0x01e3b2ac      0x1ea cpu\br25\tools\sdk.elf.o
 *(.g729_const)
 *(.g726_code)
 *(.g726_const)
 *(.wtg_dec_code)
 .wtg_dec_code  0x01e3b496      0xd5a cpu\br25\tools\sdk.elf.o
 *(.wtg_dec_const)
 .wtg_dec_const
                0x01e3c1f0     0x10b4 cpu\br25\tools\sdk.elf.o
 *(.wtg_dec_sparse_code)
 .wtg_dec_sparse_code
                0x01e3d2a4       0xe4 cpu\br25\tools\sdk.elf.o
 *(.wtg_dec_sparse_const)
 *(.bfilt_code)
                0x01e3d388                . = ALIGN (0x4)
 *(.mp3_decstream_const)
 *(.mp3_decstream_code)
 *(.mp3_decstream_sparse_code)
 *(.mp3_decstream_sparse_const)
 *(.mp3_dec_sparse_code)
 .mp3_dec_sparse_code
                0x01e3d388     0x1044 cpu\br25\tools\sdk.elf.o
 *(.mp3_dec_sparse_const)
 *(.mp3_dec_code)
 .mp3_dec_code  0x01e3e3cc     0x31ca cpu\br25\tools\sdk.elf.o
 *(.mp3_dec_const)
 *fill*         0x01e41596        0x2 
 .mp3_dec_const
                0x01e41598     0x2b2c cpu\br25\tools\sdk.elf.o
 *(.mp3_const)
 *(.mp3_code)
 .mp3_code      0x01e440c4      0x420 cpu\br25\tools\sdk.elf.o
 *(.msbc_code)
 .msbc_code     0x01e444e4      0x5c6 cpu\br25\tools\sdk.elf.o
 *(.msbc_const)
 *fill*         0x01e44aaa        0x2 
 .msbc_const    0x01e44aac       0x4e cpu\br25\tools\sdk.elf.o
 *(.mty_code)
 *(.mty_const)
 *(.mp3tsy_dec_code)
 *(.mp3tsy_dec_const)
 *(.mp3tsy_dec_sparse_code)
 *(.mp3tsy_dec_sparse_const)
 *(.sbc_code)
 .sbc_code      0x01e44afa      0x3d0 cpu\br25\tools\sdk.elf.o
 *(.sbc_const)
 *fill*         0x01e44eca        0x2 
 .sbc_const     0x01e44ecc        0xc cpu\br25\tools\sdk.elf.o
 *(.sine_code)
 *(.sine_const)
 *(.wma_code)
 *(.wma_const)
 *(.wma_dec_code)
 *(.wma_dec_const)
 *(.wma_dec_sparse_code)
 *(.wma_dec_sparse_const)
 *(.wma_decstream_const)
 *(.wma_decstream_code)
 *(.wma_decstream_sparse_code)
 *(.wma_decstream_sparse_const)
 *(.amr_code)
 *(.amr_const)
 *(.midi_code)
 *(.midi_const)
 *(.audio_decoder_code)
 .audio_decoder_code
                0x01e44ed8      0xa70 cpu\br25\tools\sdk.elf.o
 *(.audio_decoder_const)
 *(.mp3_encode_code)
 *(.mp3_encode_const)
 *(.media_device_code)
 *(.media_device_const)
 *(.audio_encoder_code)
 *(.audio_encoder_const)
 *(.mixer_code)
 .mixer_code    0x01e45948      0xa52 cpu\br25\tools\sdk.elf.o
 *(.mixer_const)
 *(.dec_server_code)
 *(.dec_server_const)
 *(.rec_server_code)
 *(.rec_server_const)
 *(.auto_mute_code)
 *(.auto_mute_const)
 *(.plc_code)
 *(.plc_const)
 *(.wireless_sync_code)
 *(.wireless_sync_const)
 *(.fft_code)
 *(.fft_const)
 *(.mp3_enc_code)
 *(.mp3_enc_const)
 *(.mp3_enc_sparse_code)
 *(.mp3_enc_sparse_const)
                0x01e4639c                . = ALIGN (0x4)
 *fill*         0x01e4639a        0x2 
 *(.mp2_encode_code)
 *(.mp2_encode_const)
 *(.mp2_encode_sparse_code)
 *(.mp2_encode_sparse_const)
                0x01e4639c                . = ALIGN (0x4)
 *(.adpcm_encode_code)
 *(.adpcm_encode_const)
 *(.adpcm_encode_sparse_code)
 *(.adpcm_encode_sparse_const)
                0x01e4639c                . = ALIGN (0x4)
 *(.m4a_dec_sparse_code)
 *(.m4a_dec_sparse_const)
 *(.aac_dec_sparse_code)
 *(.aac_dec_sparse_const)
 *(.bt_aac_dec_core_const)
 *(.amr_dec_const)
 *(.dts_dec_ff_const)
 *(.dts_dec_sparse_code)
 *(.dts_dec_sparse_const)
 *(.res_sparse_code)
 *(.ns_sparse_code)
 *(.aec_sparse_code)
 *(.nlp_sparse_code)
 *(.der_sparse_code)
 *(.qmf_sparse_code)
 *(.sms_const)
 *(.sms_sparse_code)
 *(.sms_code)
 *(.resample_cal_code)
 *(.resample_cal_sparse_code)
 *(.resample_cal_const)
 *(.bt_compressor_sparse_const)
 *(.bt_compressor_sparse_code)
 *(.compressor_sparse_code)
 *(.compressor_sparse_const)
 *(.bt_limiter_sparse_const)
 *(.bt_limiter_sparse_code)
 *(.limiter_sparse_code)
 *(.limiter_sparse_const)
 *(.bt_crossOver_sparse_const)
 *(.bt_crossOver_sparse_code)
 *(.crossOver_sparse_code)
 *(.crossOver_sparse_const)
 *(.audio_codec_code)
 .audio_codec_code
                0x01e4639c      0x1f6 cpu\br25\tools\sdk.elf.o
                0x01e46594                . = ALIGN (0x4)
 *fill*         0x01e46592        0x2 
                0x01e46594                _audio_decoder_begin = .
                0x01e46594                PROVIDE (audio_decoder_begin, .)
 *(.audio_decoder)
 .audio_decoder
                0x01e46594      0x1dc cpu\br25\tools\sdk.elf.o
                0x01e46594                sbc_decoder
                0x01e465d8                msbc_decoder
                0x01e4661c                pcm_decoder
                0x01e46660                wav_decoder
                0x01e466a4                mp3_decoder
                0x01e466e8                cvsd_decoder
                0x01e4672c                g729_decoder
                0x01e46770                _audio_decoder_end = .
                0x01e46770                PROVIDE (audio_decoder_end, .)
                0x01e46770                _audio_encoder_begin = .
                0x01e46770                PROVIDE (audio_encoder_begin, .)
 *(.audio_encoder)
 .audio_encoder
                0x01e46770       0x40 cpu\br25\tools\sdk.elf.o
                0x01e46770                msbc_encoder
                0x01e46790                cvsd_encoder
                0x01e467b0                _audio_encoder_end = .
                0x01e467b0                PROVIDE (audio_encoder_end, .)
                0x01e467b0                _audio_package_begin = .
                [!provide]                PROVIDE (audio_package_begin, .)
 *(.audio_package)
                0x01e467b0                _audio_package_end = .
                [!provide]                PROVIDE (audio_package_end, .)
                0x01e467b0                _audio_dev_begin = .
                [!provide]                PROVIDE (audio_dev_begin, .)
 *(.audio_device)
                0x01e467b0                _audio_dev_end = .
                [!provide]                PROVIDE (audio_dev_end, .)
                0x01e467b0                _audio_hwaccel_begin = .
                0x01e467b0                PROVIDE (audio_hwaccel_begin, .)
 *(.audio_hwaccel)
 .audio_hwaccel
                0x01e467b0       0x24 cpu\br25\tools\sdk.elf.o
                0x01e467b0                sbc_hwaccel
                0x01e467d4                _audio_hwaccel_end = .
                0x01e467d4                PROVIDE (audio_hwaccel_end, .)
                0x01e467d4                . = ALIGN (0x4)
                0x01e467d4                media_code_begin = .
 *(.media.*.text)
 .media.audio_dec.text
                0x01e467d4      0xe08 cpu\br25\tools\sdk.elf.o
 .media.media_cpu.text
                0x01e475dc     0x4a9e cpu\br25\tools\sdk.elf.o
 .media.mixer.text
                0x01e4c07a       0x2c cpu\br25\tools\sdk.elf.o
 .media.audio_stream.text
                0x01e4c0a6      0x424 cpu\br25\tools\sdk.elf.o
 .media.audio_decoder.text
                0x01e4c4ca       0x44 cpu\br25\tools\sdk.elf.o
 .media.prevent_task_fill.text
                0x01e4c50e      0x18a cpu\br25\tools\sdk.elf.o
 .media.audio_encoder.text
                0x01e4c698       0x20 cpu\br25\tools\sdk.elf.o
 .media.audio_splicing.text
                0x01e4c6b8       0xb0 cpu\br25\tools\sdk.elf.o
                0x01e4c768                . = ALIGN (0x4)
 *(.crossOver_code)
 *(.crossOver_const)
 *(.bt_crossOver_const)
 *(.bt_crossOver_code)
                0x01e4c768                . = ALIGN (0x4)
 *(.compressor_code)
 *(.compressor_const)
 *(.bt_compressor_const)
 *(.bt_compressor_code)
                0x01e4c768                . = ALIGN (0x4)
 *(.limiter_code)
 *(.limiter_const)
 *(.bt_limiter_const)
 *(.bt_limiter_code)
                0x01e4c768                . = ALIGN (0x4)
 *(.lib_pitchshift_code)
 *(.lib_pitchshift_const)
                0x01e4c768                . = ALIGN (0x4)
                0x01e4c768                media_code_end = .
                0x01e4c768                . = ALIGN (0x4)
                0x00000000                media_code_size = (media_code_end - media_code_begin)
                0x01e4c768                . = ALIGN (0x4)
                0x01e4c768                media_text_end = .
                0x01e4c768                driver_code_start = .
                0x01e4c768                CLOCK_CODE_START = .
 *(.clock_code)
 .clock_code    0x01e4c768      0x56c cpu\br25\tools\sdk.elf.o
 *(.clock_const)
 .clock_const   0x01e4ccd4        0x4 cpu\br25\tools\sdk.elf.o
                0x00000570                CLOCK_CODE_SIZE = ABSOLUTE ((. - CLOCK_CODE_START))
 *(.debug_code)
 *(.debug_const)
 *(.power_code)
 *(.power_const)
 *(.uart_code)
 *(.uart_const)
                0x01e4ccd8                driver_code_end = .
                0x01e4ccd8                . = ALIGN (0x4)
                0x01e4ccd8                btctler_code_start = .
                0x01e4ccd8                BTCTLER_CONTROLLER_CODE_START = .
 *(.bt_rf_const)
 .bt_rf_const   0x01e4ccd8      0x411 cpu\br25\tools\sdk.elf.o
 *(.bt_rf_code)
 *fill*         0x01e4d0e9        0x1 
 .bt_rf_code    0x01e4d0ea     0x17a8 cpu\br25\tools\sdk.elf.o
 *(.vendor_manager_const)
 *(.vendor_manager_code)
 *(.device_manager_const)
 *(.device_manager_code)
 *(.hci_controller_const)
 *fill*         0x01e4e892        0x2 
 .hci_controller_const
                0x01e4e894       0x28 cpu\br25\tools\sdk.elf.o
 *(.hci_controller_code)
 .hci_controller_code
                0x01e4e8bc      0x4c0 cpu\br25\tools\sdk.elf.o
 *(.hci_interface_const)
 *(.hci_interface_code)
                0x000020a4                BTCTLER_CONTROLLER_CODE_SIZE = ABSOLUTE ((. - BTCTLER_CONTROLLER_CODE_START))
                0x01e4ed7c                BTCTLER_LE_CONTROLLER_CODE_START = .
 *(.ble_rf_const)
 *(.ble_rf_code)
 .ble_rf_code   0x01e4ed7c     0x1496 cpu\br25\tools\sdk.elf.o
 *(.ble_ll_const)
 *fill*         0x01e50212        0x2 
 .ble_ll_const  0x01e50214       0x20 cpu\br25\tools\sdk.elf.o
 *(.ble_ll_code)
 .ble_ll_code   0x01e50234      0x438 cpu\br25\tools\sdk.elf.o
 *(.ble_hci_const)
 *(.ble_hci_code)
 .ble_hci_code  0x01e5066c       0x42 cpu\br25\tools\sdk.elf.o
 *(.classic_hci_const)
 *(.classic_hci_code)
                0x00001932                BTCTLER_LE_CONTROLLER_CODE_SIZE = ABSOLUTE ((. - BTCTLER_LE_CONTROLLER_CODE_START))
                0x01e506ae                BTCTLER_CL_CODE_START = .
 *(.bredr_irq)
 *(.bredr_irq_code)
 *(.bredr_irq_const)
 *(.classic_lmp_const)
 .classic_lmp_const
                0x01e506ae       0x22 cpu\br25\tools\sdk.elf.o
 *(.classic_lmp_auth_const)
 .classic_lmp_auth_const
                0x01e506d0      0x4f0 cpu\br25\tools\sdk.elf.o
 *(.classic_lmp_bigint_const)
 *(.classic_lmp_crypt_const)
 *(.classic_lmp_ecdh_const)
 *(.classic_lmp_hmac_const)
 *(.classic_lmp_code)
 .classic_lmp_code
                0x01e50bc0     0x6576 cpu\br25\tools\sdk.elf.o
 *(.classic_lmp_auth_code)
 .classic_lmp_auth_code
                0x01e57136      0x640 cpu\br25\tools\sdk.elf.o
 *(.classic_lmp_bigint_code)
 *(.classic_lmp_crypt_code)
 *(.classic_lmp_ecdh_code)
 *(.classic_lmp_hmac_code)
 *(.classic_rf_const)
 *fill*         0x01e57776        0x2 
 .classic_rf_const
                0x01e57778      0x154 cpu\br25\tools\sdk.elf.o
 *(.classic_rf_code)
 .classic_rf_code
                0x01e578cc     0x59ca cpu\br25\tools\sdk.elf.o
 *(.classic_bb_const)
 *(.classic_bb_code)
                0x0000cbe8                BTCTLER_CL_CODE_SIZE = ABSOLUTE ((. - BTCTLER_CL_CODE_START))
                0x01e5d298                . = ALIGN (0x4)
 *fill*         0x01e5d296        0x2 
 *(.classic_tws_const)
 .classic_tws_const
                0x01e5d298        0x8 cpu\br25\tools\sdk.elf.o
 *(.classic_tws_code)
 .classic_tws_code
                0x01e5d2a0     0x66f0 cpu\br25\tools\sdk.elf.o
 *(.classic_tws_code.esco)
 *(.lmp_irq_code)
 .lmp_irq_code  0x01e63990      0x19a cpu\br25\tools\sdk.elf.o
 *(.link_bulk_code)
 .link_bulk_code
                0x01e63b2a      0x3e4 cpu\br25\tools\sdk.elf.o
 *(.frame_irq_code)
                0x01e63f10                . = ALIGN (0x4)
 *fill*         0x01e63f0e        0x2 
 *(.link_task_const)
 .link_task_const
                0x01e63f10        0x8 cpu\br25\tools\sdk.elf.o
 *(.link_task_code)
 .link_task_code
                0x01e63f18      0x778 cpu\br25\tools\sdk.elf.o
                0x01e64690                . = ALIGN (0x4)
 *(.classic_irq_const)
 *(.classic_irq_code)
                0x01e64690                . = ALIGN (0x4)
 *(.tws_irq_code)
                0x01e64690                . = ALIGN (0x4)
                0x01e64690                tws_sync_call_begin = .
 *(.tws_sync_call)
 .tws_sync_call
                0x01e64690       0x24 cpu\br25\tools\sdk.elf.o
                0x01e646b4                tws_sync_call_end = .
                0x01e646b4                . = ALIGN (0x4)
                0x01e646b4                tws_func_stub_begin = .
 *(.tws_func_stub)
 .tws_func_stub
                0x01e646b4       0x30 cpu\br25\tools\sdk.elf.o
                0x01e646e4                tws_func_stub_end = .
 *(.tws_media_sync_code)
 *(.tws_media_sync_const)
 *(.tws_data_forward_code)
 *(.tws_data_forward_const)
                0x01e646e4                . = ALIGN (0x4)
                0x01e646e4                tws_sync_channel_begin = .
 *(.tws_sync_channel.0)
 *(.tws_sync_channel.1)
 .tws_sync_channel.1
                0x01e646e4       0x1c cpu\br25\tools\sdk.elf.o
                0x01e646e4                tws_link_sync
 *(.tws_sync_channel.2)
 .tws_sync_channel.2
                0x01e64700       0x1c cpu\br25\tools\sdk.elf.o
                0x01e64700                tws_conn_sync
 *(.tws_sync_channel.3)
 .tws_sync_channel.3
                0x01e6471c       0x1c cpu\br25\tools\sdk.elf.o
                0x01e6471c                tws_afh_sync
 *(.tws_sync_channel.4)
 *(.tws_sync_channel.5)
 .tws_sync_channel.5
                0x01e64738       0x1c cpu\br25\tools\sdk.elf.o
                0x01e64738                tws_low_latency
 *(.tws_sync_channel.6)
 .tws_sync_channel.6
                0x01e64754       0x1c cpu\br25\tools\sdk.elf.o
                0x01e64754                tws_acl_data_sync
 *(.tws_sync_channel.7)
 .tws_sync_channel.7
                0x01e64770       0x1c cpu\br25\tools\sdk.elf.o
                0x01e64770                tws_media_sync
 *(.tws_sync_channel.8)
 .tws_sync_channel.8
                0x01e6478c       0x1c cpu\br25\tools\sdk.elf.o
                0x01e6478c                tws_event_sync
 *(.tws_sync_channel.9)
 .tws_sync_channel.9
                0x01e647a8       0x38 cpu\br25\tools\sdk.elf.o
                0x01e647a8                tws_sync_call
                0x01e647c4                tws_local_media_sync
 *(.tws_sync_channel.10)
 .tws_sync_channel.10
                0x01e647e0       0x1c cpu\br25\tools\sdk.elf.o
                0x01e647e0                tws_power_balance
 *(.tws_sync_channel.11)
 .tws_sync_channel.11
                0x01e647fc       0x1c cpu\br25\tools\sdk.elf.o
                0x01e647fc                tws_ci_data
 *(.tws_sync_channel.12)
 *(.tws_sync_channel.13)
 .tws_sync_channel.13
                0x01e64818       0x1c cpu\br25\tools\sdk.elf.o
                0x01e64818                tws_lmp_slot_sync
                0x01e64834                tws_sync_channel_end = .
                0x01e64834                btctler_code_end = .
                0x01e64834                . = ALIGN (0x4)
                0x00010000                . = ORIGIN (ram0)

.mmu_tlb        0x00010000      0x9c0
 *(.mmu_tlb_segment)
 .mmu_tlb_segment
                0x00010000      0x9c0 cpu\br25\tools\sdk.elf.o

.boot_info      0x000109c0       0x40
 *(.boot_info)
 .boot_info     0x000109c0       0x28 cpu\br25\tools\sdk.elf.o
                0x00010a00                . = ALIGN (0x20)
 *fill*         0x000109e8       0x18 

.irq_stack      0x00010a00      0x800
                0x00010a00                _cpu0_sstack_begin = .
                [!provide]                PROVIDE (cpu0_sstack_begin, .)
 *(.stack)
 .stack         0x00010a00      0x800 include_lib/liba/br25/cpu.a(startup.o)
                0x00011200                _stack
                0x00011200                _cpu0_sstack_end = .
                [!provide]                PROVIDE (cpu0_sstack_end, .)
                0x00011200                _stack_end = .
                0x00011200                . = ALIGN (0x4)

.data           0x00011200     0x1630
                0x00011200                . = ALIGN (0x4)
 *(.data_magic)
 .data_magic    0x00011200       0x40 cpu\br25\tools\sdk.elf.o
                0x00011200                data_magic
                0x00011240                . = ALIGN (0x20)
                0x00011240                . = ALIGN (0x4)
 *(.data*)
 .data          0x00011240      0x4a8 cpu\br25\tools\sdk.elf.o
                0x0001134c                jiffies
 .data          0x000116e8        0x4 C:\JL\pi32\pi32v2-lib\r3\libm.a(lib_a-s_lib_ver.o)
                0x000116e8                __fdlib_version
 .data          0x000116ec        0x4 C:\JL\pi32\pi32v2-lib\r3\libc.a(lib_a-ctype_.o)
                0x000116ec                __ctype_ptr__
 .data          0x000116f0      0x428 C:\JL\pi32\pi32v2-lib\r3\libc.a(lib_a-impure.o)
                0x000116f0                _impure_ptr
                0x00011b18                . = ALIGN (0x4)
                0x00011b18                btstack_data_start = .
 *(.bt_stack_data)
 .bt_stack_data
                0x00011b18       0x94 cpu\br25\tools\sdk.elf.o
 *(.ble_db_data)
 *(.ble_sm_data)
 *(.ble_att_data)
 *(.ble_gatt_data)
                0x00011bac                BTSTACK_LE_HOST_MESH_DATA_START = .
                0x00011bac                . = ((. + 0x3) & 0xfffffffc)
                0x00011bac                _net_buf_pool_list = .
 *(._net_buf_pool.static.*)
 *(.ble_mesh_data)
 *(.ble_mesh_tinycrypt_data)
                0x00000000                BTSTACK_LE_HOST_MESH_DATA_SIZE = ABSOLUTE ((. - BTSTACK_LE_HOST_MESH_DATA_START))
                0x00011bac                btstack_data_end = .
                0x00011bac                . = ALIGN (0x4)
                0x00011bac                . = ALIGN (0x4)
                0x00011bac                system_data_start = .
                0x00011bac                _video_subdev_begin = .
                [!provide]                PROVIDE (video_subdev_begin, .)
 *(.video_subdev.0)
 *(.video_subdev.1)
 *(.video_subdev.2)
 *(.video_subdev.3)
 *(.video_subdev.4)
 *(.video_subdev.5)
                0x00011bac                _video_subdev_end = .
                [!provide]                PROVIDE (video_subdev_end, .)
                0x00011bac                _audio_subdev_begin = .
                [!provide]                PROVIDE (audio_subdev_begin, .)
 *(.audio_subdev.0)
 *(.audio_subdev.1)
 *(.audio_subdev.2)
 *(.audio_subdev.3)
                0x00011bac                _audio_subdev_end = .
                [!provide]                PROVIDE (audio_subdev_end, .)
                0x00011bac                _iic_device_begin = .
                [!provide]                PROVIDE (iic_device_begin, .)
 *(.iic)
                0x00011bac                _iic_device_end = .
                [!provide]                PROVIDE (iic_device_end, .)
                0x00011bac                _avin_spi_device_begin = .
                [!provide]                PROVIDE (avin_spi_device_begin, .)
 *(.sw_spi)
                0x00011bac                _avin_spi_device_end = .
                [!provide]                PROVIDE (avin_spi_device_end, .)
                0x00011bac                _video_dev_begin = .
                [!provide]                PROVIDE (video_dev_begin, .)
 *(.video_device)
                0x00011bac                _video_dev_end = .
                [!provide]                PROVIDE (video_dev_end, .)
                0x00011bac                _key_driver_ops_begin = .
                [!provide]                PROVIDE (key_driver_ops_begin, .)
 *(.key_driver_ops)
                0x00011bac                _key_driver_ops_end = .
                [!provide]                PROVIDE (key_driver_ops_end, .)
                0x00011bac                _touch_driver_begin = .
                [!provide]                PROVIDE (touch_driver_begin, .)
 *(.touch_driver)
                0x00011bac                _touch_driver_end = .
                [!provide]                PROVIDE (touch_driver_end, .)
                0x00011bac                _static_hi_timer_begin = .
                [!provide]                PROVIDE (static_hi_timer_begin, .)
 *(.hi_timer)
                0x00011bac                _static_hi_timer_end = .
                [!provide]                PROVIDE (static_hi_timer_end, .)
                0x00011bac                _sys_cpu_timer_begin = .
                0x00011bac                PROVIDE (sys_cpu_timer_begin, .)
 *(.sys_cpu_timer)
                0x00011bac                _sys_cpu_timer_end = .
                0x00011bac                PROVIDE (sys_cpu_timer_end, .)
                0x00011bac                _sys_config_begin = .
                [!provide]                PROVIDE (sys_config_begin, .)
 *(.sys_cfg)
                0x00011bac                _sys_config_end = .
                [!provide]                PROVIDE (sys_config_end, .)
                0x00011bac                _sys_fat_begin = .
                [!provide]                PROVIDE (sys_fat_begin, .)
 *(.fs_fat)
                0x00011bac                _sys_fat_end = .
                [!provide]                PROVIDE (sys_fat_end, .)
                0x00011bac                _app_begin = .
                0x00011bac                PROVIDE (app_begin, .)
 *(.app)
                0x00011bac                _app_end = .
                0x00011bac                PROVIDE (app_end, .)
                0x00011bac                _os_begin = .
                [!provide]                PROVIDE (os_begin, .)
 *(.os_str)
 *(.os_data)
                0x00011bac                _os_end = .
                [!provide]                PROVIDE (os_end, .)
 *(.crypto_ecdh_data)
 *(.crypto_data)
 *(.mem_data)
 *(.os_port_data)
 *(.uECC_data)
 *(.ECDH_sample_data)
                0x00011bac                system_data_end = .
                0x00011bac                . = ALIGN (0x4)
                0x00011bac                . = ALIGN (0x4)
                0x00011bac                EQ_COEFF_BASE = .
                0x0001215c                . = (EQ_COEFF_BASE + ((0x4 * EQ_SECTION_NUM) * 0xe))
 *fill*         0x00011bac      0x2d8 
                0x00011e84                . = ALIGN (0x4)
                0x00011e84                update_data_start = .
                0x00011e84                update_data_end = .
                0x00011e84                media_data_start = .
                0x00011e84                . = ALIGN (0x4)
                0x00011e84                EQ_COEFF_BASE = .
                0x0001215c                . = (EQ_COEFF_BASE + ((0x4 * EQ_SECTION_NUM) * 0xe))
 *fill*         0x00011e84      0x2d8 
                0x0001215c                . = ALIGN (0x4)
 *(.aec_data)
                0x0001215c                . = ALIGN (0x4)
 *(.res_data)
                0x0001215c                . = ALIGN (0x4)
 *(.ns_data)
                0x0001215c                . = ALIGN (0x4)
 *(.der_data)
                0x0001215c                . = ALIGN (0x4)
 *(.nlp_data)
                0x0001215c                . = ALIGN (0x4)
 *(.qmf_data)
                0x0001215c                . = ALIGN (0x4)
 *(.fft_data)
                0x0001215c                . = ALIGN (0x4)
 *(.bt_audioplc_data)
 *(.sms_data)
 *(.pcm_data)
 *(.g729_data)
 *(.g726_data)
 *(.wtg_dec_data)
 *(.mp3_data)
 *(.mp3_dec_data)
 *(.msbc_data)
 .msbc_data     0x0001215c        0x4 cpu\br25\tools\sdk.elf.o
 *(.mty_data)
 *(.mp3tsy_dec_data)
 *(.sbc_data)
 .sbc_data      0x00012160        0x4 cpu\br25\tools\sdk.elf.o
 *(.sine_data)
 *(.wma_data)
 *(.wma_dec_data)
 *(.amr_data)
 *(.midi_data)
 *(.audio_decoder_data)
 *(.mp3_encode_data)
 *(.media_device_data)
 *(.audio_encoder_data)
 *(.mixer_data)
 *(.dec_server_data)
 *(.rec_server_data)
 *(.auto_mute_data)
 *(.plc_data)
 *(.wireless_sync_data)
 *(.resample_cal_data)
 *(.bt_compressor_data)
 *(.bt_crossOver_data)
 *(.bt_limiter_data)
 *(.bt_compressor_sparse_data)
 *(.bt_limiter_sparse_data)
 *(.bt_crossOver_sparse_data)
                0x00012164                . = ALIGN (0x4)
 *(.dec2tws_mem)
                0x00012164                media_data_end = .
                0x00012164                driver_data_start = .
                0x00012164                CLOCK_DATA_START = .
 *(.clock_data)
 .clock_data    0x00012164       0x50 cpu\br25\tools\sdk.elf.o
                0x00000050                CLOCK_DATA_SIZE = ABSOLUTE ((. - CLOCK_DATA_START))
 *(.debug_data)
 *(.power_data)
 *(.uart_data)
                0x000121b4                driver_data_end = .
                0x000121b4                . = ALIGN (0x4)
                0x000121b4                btctler_data_start = .
                0x000121b4                BTCTLER_CONTROLLER_DATA_START = .
 *(.bt_rf_data)
 .bt_rf_data    0x000121b4      0x438 cpu\br25\tools\sdk.elf.o
 *(.vendor_manager_data)
 *(.device_manager_data)
 *(.hci_controller_data)
 .hci_controller_data
                0x000125ec       0xb8 cpu\br25\tools\sdk.elf.o
 *(.hci_interface_data)
                0x000004f0                BTCTLER_CONTROLLER_DATA_SIZE = ABSOLUTE ((. - BTCTLER_CONTROLLER_DATA_START))
                0x000126a4                BTCTLER_LE_CONTROLLER_DATA_START = .
 *(.ble_ll_data)
 .ble_ll_data   0x000126a4        0x8 cpu\br25\tools\sdk.elf.o
 *(.ble_hci_data)
 .ble_hci_data  0x000126ac       0xac cpu\br25\tools\sdk.elf.o
 *(.classic_hci_data)
 *(.ble_rf_data)
 .ble_rf_data   0x00012758        0x1 cpu\br25\tools\sdk.elf.o
                0x000000b5                BTCTLER_LE_CONTROLLER_DATA_SIZE = ABSOLUTE ((. - BTCTLER_LE_CONTROLLER_DATA_START))
                0x00012759                BTCTLER_CL_DATA_START = .
 *(.classic_lmp_data)
 *fill*         0x00012759        0x3 
 .classic_lmp_data
                0x0001275c       0xb0 cpu\br25\tools\sdk.elf.o
 *(.classic_lmp_auth_data)
 *(.classic_lmp_bigint_data)
 *(.classic_lmp_crypt_data)
 *(.classic_lmp_ecdh_data)
 *(.classic_lmp_linkbulk_data)
 *(.classic_lmp_hmac_data)
 *(.classic_rf_data)
 .classic_rf_data
                0x0001280c       0x22 cpu\br25\tools\sdk.elf.o
 *(.classic_bb_data)
                0x000000d5                BTCTLER_CL_DATA_SIZE = ABSOLUTE ((. - BTCTLER_CL_DATA_START))
                0x00012830                . = ALIGN (0x4)
 *fill*         0x0001282e        0x2 
                0x00012830                btctler_data_end = .

.bss            0x00012840     0x582c
 *(.usb_h_dma)
 .usb_h_dma     0x00012840       0x88 cpu\br25\tools\sdk.elf.o
 *(.usb_ep0)
 *(.dec_mix_buff)
 .dec_mix_buff  0x000128c8      0x400 cpu\br25\tools\sdk.elf.o
 *(.sd0_var)
 *(.sd1_var)
 *(.dac_buff)
 .dac_buff      0x00012cc8     0x2000 cpu\br25\tools\sdk.elf.o
                0x00014cc8                . = ALIGN (0x4)
                0x00014cc8                btstack_bss_start = .
 *(.bt_stack_bss)
 .bt_stack_bss  0x00014cc8      0xc7a cpu\br25\tools\sdk.elf.o
 *(.ble_db_bss)
 *(.ble_sm_bss)
 *(.ble_att_bss)
 *(.ble_gatt_bss)
 *(.btstack_pool)
                0x00015942                BTSTACK_LE_HOST_MESH_BSS_START = .
 *(.ble_mesh_bss)
 *(.ble_mesh_tinycrypt_bss)
                0x00000000                BTSTACK_LE_HOST_MESH_BSS_SIZE = ABSOLUTE ((. - BTSTACK_LE_HOST_MESH_BSS_START))
                0x00015942                btstack_bss_end = .
                0x00015944                . = ALIGN (0x4)
 *fill*         0x00015942        0x2 
                0x00015944                system_bss_start = .
                0x00015944                . = ALIGN (0x4)
 *(.os_bss)
 *(.mem_heap)
 *(.memp_memory_x)
 *(.mem_bss)
 *(.os_port_bss)
 *(.uECC_bss)
 *(.ECDH_sample_bss)
                0x00015944                system_bss_end = .
                0x00015944                . = ALIGN (0x4)
 *(.bss)
 *fill*         0x00015944       0x1c 
 .bss           0x00015960     0x201c cpu\br25\tools\sdk.elf.o
                0x00015f64                CurrentTCB
                0x0001797c                . = ALIGN (0x4)
 *(.dts_dec_bss)
 *(.dts_bss)
                0x0001797c                . = ALIGN (0x4)